Archive member included because of file (symbol)

C:/Freescale/KSDK_1.2.0/lib/ksdk_platform_lib/kds/KL26Z4/debug/libksdk_platform.a(fsl_uart_hal.o)
                              ./Utilities/fsl_debug_console.o (UART_HAL_SetBaudRate)
C:/Freescale/KSDK_1.2.0/lib/ksdk_platform_lib/kds/KL26Z4/debug/libksdk_platform.a(fsl_lpsci_hal.o)
                              ./Utilities/fsl_debug_console.o (LPSCI_HAL_SetBaudRate)
C:/Freescale/KSDK_1.2.0/lib/ksdk_platform_lib/kds/KL26Z4/debug/libksdk_platform.a(fsl_clock_MKL26Z4.o)
                              ./Board/board.o (CLOCK_SYS_SetConfiguration)
C:/Freescale/KSDK_1.2.0/lib/ksdk_platform_lib/kds/KL26Z4/debug/libksdk_platform.a(fsl_clock_manager.o)
                              C:/Freescale/KSDK_1.2.0/lib/ksdk_platform_lib/kds/KL26Z4/debug/libksdk_platform.a(fsl_clock_MKL26Z4.o) (CLOCK_SYS_GetSystickFreq)
C:/Freescale/KSDK_1.2.0/lib/ksdk_platform_lib/kds/KL26Z4/debug/libksdk_platform.a(fsl_clock_manager_common.o)
                              C:/Freescale/KSDK_1.2.0/lib/ksdk_platform_lib/kds/KL26Z4/debug/libksdk_platform.a(fsl_clock_MKL26Z4.o) (g_oscBase)
C:/Freescale/KSDK_1.2.0/lib/ksdk_platform_lib/kds/KL26Z4/debug/libksdk_platform.a(fsl_os_abstraction_bm.o)
                              C:/Freescale/KSDK_1.2.0/lib/ksdk_platform_lib/kds/KL26Z4/debug/libksdk_platform.a(fsl_clock_manager.o) (OSA_EnterCritical)
C:/Freescale/KSDK_1.2.0/lib/ksdk_platform_lib/kds/KL26Z4/debug/libksdk_platform.a(fsl_sim_hal_MKL26Z4.o)
                              C:/Freescale/KSDK_1.2.0/lib/ksdk_platform_lib/kds/KL26Z4/debug/libksdk_platform.a(fsl_clock_MKL26Z4.o) (CLOCK_HAL_SetOutDiv)
C:/Freescale/KSDK_1.2.0/lib/ksdk_platform_lib/kds/KL26Z4/debug/libksdk_platform.a(fsl_rtc_common.o)
                              C:/Freescale/KSDK_1.2.0/lib/ksdk_platform_lib/kds/KL26Z4/debug/libksdk_platform.a(fsl_clock_manager.o) (g_rtcBase)
C:/Freescale/KSDK_1.2.0/lib/ksdk_platform_lib/kds/KL26Z4/debug/libksdk_platform.a(fsl_osc_hal.o)
                              C:/Freescale/KSDK_1.2.0/lib/ksdk_platform_lib/kds/KL26Z4/debug/libksdk_platform.a(fsl_clock_manager.o) (OSC_HAL_SetCapacitor)
C:/Freescale/KSDK_1.2.0/lib/ksdk_platform_lib/kds/KL26Z4/debug/libksdk_platform.a(fsl_mcg_hal.o)
                              C:/Freescale/KSDK_1.2.0/lib/ksdk_platform_lib/kds/KL26Z4/debug/libksdk_platform.a(fsl_clock_MKL26Z4.o) (CLOCK_HAL_GetFllClk)
C:/Freescale/KSDK_1.2.0/lib/ksdk_platform_lib/kds/KL26Z4/debug/libksdk_platform.a(fsl_mcg_hal_modes.o)
                              C:/Freescale/KSDK_1.2.0/lib/ksdk_platform_lib/kds/KL26Z4/debug/libksdk_platform.a(fsl_clock_manager.o) (CLOCK_HAL_GetMcgMode)
C:/Freescale/KSDK_1.2.0/lib/ksdk_platform_lib/kds/KL26Z4/debug/libksdk_platform.a(fsl_lptmr_hal.o)
                              C:/Freescale/KSDK_1.2.0/lib/ksdk_platform_lib/kds/KL26Z4/debug/libksdk_platform.a(fsl_os_abstraction_bm.o) (LPTMR_HAL_SetTimerWorkingMode)
C:/Freescale/KSDK_1.2.0/lib/ksdk_platform_lib/kds/KL26Z4/debug/libksdk_platform.a(fsl_interrupt_manager.o)
                              C:/Freescale/KSDK_1.2.0/lib/ksdk_platform_lib/kds/KL26Z4/debug/libksdk_platform.a(fsl_os_abstraction_bm.o) (INT_SYS_InstallHandler)
c:/freescale/kds_3.0.0/toolchain/bin/../lib/gcc/arm-none-eabi/4.8.4/armv6-m\libgcc.a(_thumb1_case_uqi.o)
                              C:/Freescale/KSDK_1.2.0/lib/ksdk_platform_lib/kds/KL26Z4/debug/libksdk_platform.a(fsl_clock_MKL26Z4.o) (__gnu_thumb1_case_uqi)
c:/freescale/kds_3.0.0/toolchain/bin/../lib/gcc/arm-none-eabi/4.8.4/armv6-m\libgcc.a(_udivsi3.o)
                              ./Utilities/print_scan.o (__aeabi_uidiv)
c:/freescale/kds_3.0.0/toolchain/bin/../lib/gcc/arm-none-eabi/4.8.4/armv6-m\libgcc.a(_divsi3.o)
                              ./Utilities/print_scan.o (__aeabi_idiv)
c:/freescale/kds_3.0.0/toolchain/bin/../lib/gcc/arm-none-eabi/4.8.4/armv6-m\libgcc.a(_dvmd_tls.o)
                              c:/freescale/kds_3.0.0/toolchain/bin/../lib/gcc/arm-none-eabi/4.8.4/armv6-m\libgcc.a(_udivsi3.o) (__aeabi_idiv0)
c:/freescale/kds_3.0.0/toolchain/bin/../lib/gcc/arm-none-eabi/4.8.4/../../../../arm-none-eabi/lib/armv6-m\libg_s.a(lib_a-assert.o)
                              ./Board/board.o (__assert_func)
c:/freescale/kds_3.0.0/toolchain/bin/../lib/gcc/arm-none-eabi/4.8.4/../../../../arm-none-eabi/lib/armv6-m\libg_s.a(lib_a-calloc.o)
                              C:/Freescale/KSDK_1.2.0/lib/ksdk_platform_lib/kds/KL26Z4/debug/libksdk_platform.a(fsl_os_abstraction_bm.o) (calloc)
c:/freescale/kds_3.0.0/toolchain/bin/../lib/gcc/arm-none-eabi/4.8.4/../../../../arm-none-eabi/lib/armv6-m\libg_s.a(lib_a-exit.o)
                              c:/freescale/kds_3.0.0/toolchain/bin/../lib/gcc/arm-none-eabi/4.8.4/../../../../arm-none-eabi/lib/armv6-m/crt0.o (exit)
c:/freescale/kds_3.0.0/toolchain/bin/../lib/gcc/arm-none-eabi/4.8.4/../../../../arm-none-eabi/lib/armv6-m\libg_s.a(lib_a-fprintf.o)
[...]
Memory Configuration

Name             Origin             Length             Attributes
m_interrupts     0x00000000         0x00000100         xr
m_flash_config   0x00000400         0x00000010         xr
m_text           0x00000410         0x0001fbf0         xr
m_data           0x1ffff000         0x00004000         rw
*default*        0x00000000         0xffffffff

Linker script and memory map

LOAD c:/freescale/kds_3.0.0/toolchain/bin/../lib/gcc/arm-none-eabi/4.8.4/armv6-m/crti.o
LOAD c:/freescale/kds_3.0.0/toolchain/bin/../lib/gcc/arm-none-eabi/4.8.4/armv6-m/crtbegin.o
LOAD c:/freescale/kds_3.0.0/toolchain/bin/../lib/gcc/arm-none-eabi/4.8.4/../../../../arm-none-eabi/lib/armv6-m/crt0.o
LOAD ./frdm_kl26z/gpio.o
LOAD ./Utilities/fsl_debug_console.o
LOAD ./Utilities/print_scan.o
LOAD ./Sources/main.o
LOAD ./Project_Settings/Startup_Code/startup.o
LOAD ./Project_Settings/Startup_Code/startup_MKL26Z4.o
LOAD ./Project_Settings/Startup_Code/system_MKL26Z4.o
LOAD ./Board/board.o
LOAD ./Board/gpio_pins.o
LOAD ./Board/hardware_init.o
LOAD ./Board/pin_mux.o
LOAD C:/Freescale/KSDK_1.2.0/lib/ksdk_platform_lib/kds/KL26Z4/debug/libksdk_platform.a
LOAD c:/freescale/kds_3.0.0/toolchain/bin/../lib/gcc/arm-none-eabi/4.8.4/../../../../arm-none-eabi/lib/armv6-m\libstdc++_s.a
LOAD c:/freescale/kds_3.0.0/toolchain/bin/../lib/gcc/arm-none-eabi/4.8.4/../../../../arm-none-eabi/lib/armv6-m\libm.a
START GROUP
LOAD c:/freescale/kds_3.0.0/toolchain/bin/../lib/gcc/arm-none-eabi/4.8.4/armv6-m\libgcc.a
LOAD c:/freescale/kds_3.0.0/toolchain/bin/../lib/gcc/arm-none-eabi/4.8.4/../../../../arm-none-eabi/lib/armv6-m\libg_s.a
LOAD c:/freescale/kds_3.0.0/toolchain/bin/../lib/gcc/arm-none-eabi/4.8.4/../../../../arm-none-eabi/lib/armv6-m\libc_s.a
END GROUP
START GROUP
LOAD c:/freescale/kds_3.0.0/toolchain/bin/../lib/gcc/arm-none-eabi/4.8.4/armv6-m\libgcc.a
LOAD c:/freescale/kds_3.0.0/toolchain/bin/../lib/gcc/arm-none-eabi/4.8.4/../../../../arm-none-eabi/lib/armv6-m\libc_s.a
LOAD c:/freescale/kds_3.0.0/toolchain/bin/../lib/gcc/arm-none-eabi/4.8.4/../../../../arm-none-eabi/lib/armv6-m\libnosys.a
END GROUP
START GROUP
LOAD c:/freescale/kds_3.0.0/toolchain/bin/../lib/gcc/arm-none-eabi/4.8.4/armv6-m\libgcc.a
LOAD c:/freescale/kds_3.0.0/toolchain/bin/../lib/gcc/arm-none-eabi/4.8.4/../../../../arm-none-eabi/lib/armv6-m\libc_s.a
LOAD c:/freescale/kds_3.0.0/toolchain/bin/../lib/gcc/arm-none-eabi/4.8.4/../../../../arm-none-eabi/lib/armv6-m\libnosys.a
END GROUP
LOAD c:/freescale/kds_3.0.0/toolchain/bin/../lib/gcc/arm-none-eabi/4.8.4/armv6-m/crtend.o
LOAD c:/freescale/kds_3.0.0/toolchain/bin/../lib/gcc/arm-none-eabi/4.8.4/armv6-m/crtn.o
                0x00000400                HEAP_SIZE = DEFINED (__heap_size__)?__heap_size__:0x400
                0x00000400                STACK_SIZE = DEFINED (__stack_size__)?__stack_size__:0x400
                0x00000000                M_VECTOR_RAM_SIZE = DEFINED (__ram_vector_table__)?0x100:0x0

.interrupts     0x00000000       0xc0
                0x00000000                __VECTOR_TABLE = .
                0x00000000                . = ALIGN (0x4)
 *(.isr_vector)
 .isr_vector    0x00000000       0xc0 ./Project_Settings/Startup_Code/startup_MKL26Z4.o
                0x00000000                __isr_vector
                0x000000c0                . = ALIGN (0x4)

.flash_config   0x00000400       0x10
                0x00000400                . = ALIGN (0x4)
 *(.FlashConfig)
 .FlashConfig   0x00000400       0x10 ./Project_Settings/Startup_Code/startup_MKL26Z4.o
                0x00000410                . = ALIGN (0x4)

.text           0x00000410     0x2dd8
                0x00000410                . = ALIGN (0x4)
 *(.text)
 .text          0x00000410       0x60 c:/freescale/kds_3.0.0/toolchain/bin/../lib/gcc/arm-none-eabi/4.8.4/armv6-m/crtbegin.o
 .text          0x00000470       0x78 c:/freescale/kds_3.0.0/toolchain/bin/../lib/gcc/arm-none-eabi/4.8.4/../../../../arm-none-eabi/lib/armv6-m/crt0.o
                0x00000470                _start
                0x00000470                _mainCRTStartup
 .text          0x000004e8       0x18 ./Project_Settings/Startup_Code/startup_MKL26Z4.o
                0x000004e8                Reset_Handler
                0x000004f8                HardFault_Handler
                0x000004f8                SysTick_Handler
                0x000004f8                PendSV_Handler
                0x000004f8                NMI_Handler
                0x000004f8                I2C1_IRQHandler
                0x000004f8                UART1_IRQHandler
                0x000004f8                DMA2_IRQHandler
                0x000004f8                TPM0_IRQHandler
                0x000004f8                I2S0_IRQHandler
                0x000004f8                LLWU_IRQHandler
                0x000004f8                TSI0_IRQHandler
                0x000004f8                UART0_IRQHandler
                0x000004f8                ADC0_IRQHandler
                0x000004f8                SPI1_IRQHandler
                0x000004f8                DefaultISR
                0x000004f8                TPM2_IRQHandler
                0x000004f8                RTC_IRQHandler
                0x000004f8                I2C0_IRQHandler
                0x000004f8                RTC_Seconds_IRQHandler
                0x000004f8                MCG_IRQHandler
                0x000004f8                UART2_IRQHandler
                0x000004f8                Reserved20_IRQHandler
                0x000004f8                USB0_IRQHandler
                0x000004f8                PIT_IRQHandler
                0x000004f8                SVC_Handler
                0x000004f8                DMA3_IRQHandler
                0x000004f8                DMA0_IRQHandler
                0x000004f8                DAC0_IRQHandler
                0x000004f8                Reserved45_IRQHandler
                0x000004f8                TPM1_IRQHandler
                0x000004f8                LVD_LVW_IRQHandler
                0x000004f8                SPI0_IRQHandler
                0x000004f8                PORTA_IRQHandler
                0x000004f8                FTFA_IRQHandler
                0x000004f8                LPTMR0_IRQHandler
                0x000004f8                CMP0_IRQHandler
                0x000004f8                DMA1_IRQHandler
 .text          0x00000500       0x14 c:/freescale/kds_3.0.0/toolchain/bin/../lib/gcc/arm-none-eabi/4.8.4/armv6-m\libgcc.a(_thumb1_case_uqi.o)
                0x00000500                __gnu_thumb1_case_uqi
 .text          0x00000514       0x9c c:/freescale/kds_3.0.0/toolchain/bin/../lib/gcc/arm-none-eabi/4.8.4/armv6-m\libgcc.a(_udivsi3.o)
                0x00000514                __aeabi_uidiv
                0x00000514                __udivsi3
                0x0000059c                __aeabi_uidivmod
 .text          0x000005b0        0x4 c:/freescale/kds_3.0.0/toolchain/bin/../lib/gcc/arm-none-eabi/4.8.4/armv6-m\libgcc.a(_dvmd_tls.o)
                0x000005b0                __aeabi_idiv0
                0x000005b0                __aeabi_ldiv0
 *(.text*)
 .text.FRDM_KL26Z_LEDs_Configure
                0x000005b4       0xac ./frdm_kl26z/gpio.o
                0x000005b4                FRDM_KL26Z_LEDs_Configure
 .text.LED_set  0x00000660      0x180 ./frdm_kl26z/gpio.o
                0x00000660                LED_set
 .text.FRDM_KL26Z_SW1_Configure
                0x000007e0       0xcc ./frdm_kl26z/gpio.o
                0x000007e0                FRDM_KL26Z_SW1_Configure
 .text.UART_HAL_EnableTransmitter
                0x000008ac       0x1c ./Utilities/fsl_debug_console.o
 .text.UART_HAL_EnableReceiver
                0x000008c8       0x1c ./Utilities/fsl_debug_console.o
 .text.UART_HAL_SetBitCountPerChar
                0x000008e4       0x28 ./Utilities/fsl_debug_console.o
 .text.UART_HAL_SetStopBitCount
                0x0000090c       0x28 ./Utilities/fsl_debug_console.o
 .text.LPSCI_HAL_EnableTransmitter
                0x00000934       0x1c ./Utilities/fsl_debug_console.o
 .text.LPSCI_HAL_EnableReceiver
                0x00000950       0x1c ./Utilities/fsl_debug_console.o
 .text.LPSCI_HAL_SetBitCountPerChar
                0x0000096c       0x28 ./Utilities/fsl_debug_console.o
 .text.LPSCI_HAL_SetStopBitCount
                0x00000994       0x28 ./Utilities/fsl_debug_console.o
 .text.DbgConsole_Init
                0x000009bc      0x160 ./Utilities/fsl_debug_console.o
                0x000009bc                DbgConsole_Init
 .text._write   0x00000b1c       0x5c ./Utilities/fsl_debug_console.o
                0x00000b1c                _write
 .text._read    0x00000b78       0x48 ./Utilities/fsl_debug_console.o
                0x00000b78                _read
 .text.NVIC_EnableIRQ
                0x00000bc0       0x2c ./Sources/main.o
 .text.NVIC_ClearPendingIRQ
                0x00000bec       0x34 ./Sources/main.o
 .text.main     0x00000c20       0x24 ./Sources/main.o
                0x00000c20                main
 .text.PORTC_PORTD_IRQHandler
                0x00000c44       0x8c ./Sources/main.o
                0x00000c44                PORTC_PORTD_IRQHandler
 .text.init_data_bss
                0x00000cd0       0xc8 ./Project_Settings/Startup_Code/startup.o
                0x00000cd0                init_data_bss
 .text.SystemInit
                0x00000d98       0x38 ./Project_Settings/Startup_Code/system_MKL26Z4.o
                0x00000d98                SystemInit
 .text.PORT_HAL_SetMuxMode
                0x00000dd0       0x4c ./Board/board.o
 .text.CLOCK_HAL_SetLpsciSrc
                0x00000e1c       0x30 ./Board/board.o
 .text.CLOCK_SYS_SetLpsciSrc
                0x00000e4c       0x2c ./Board/board.o
 .text.SMC_HAL_SetProtection
                0x00000e78       0x1c ./Board/board.o
 .text.BOARD_InitOsc0
                0x00000e94       0x40 ./Board/board.o
                0x00000e94                BOARD_InitOsc0
 .text.BOARD_InitRtcOsc
                0x00000ed4       0x40 ./Board/board.o
                0x00000ed4                BOARD_InitRtcOsc
 .text.BOARD_ClockInit
                0x00000f14       0x48 ./Board/board.o
                0x00000f14                BOARD_ClockInit
 .text.dbg_uart_init
                0x00000f5c       0x24 ./Board/board.o
                0x00000f5c                dbg_uart_init
 .text.hardware_init
                0x00000f80       0x1c ./Board/hardware_init.o
                0x00000f80                hardware_init
 .text.PORT_HAL_SetMuxMode
                0x00000f9c       0x4c ./Board/pin_mux.o
 .text.configure_lpsci_pins
                0x00000fe8       0x34 ./Board/pin_mux.o
                0x00000fe8                configure_lpsci_pins
 .text.UART_HAL_SetBaudRate
                0x0000101c       0x34 C:/Freescale/KSDK_1.2.0/lib/ksdk_platform_lib/kds/KL26Z4/debug/libksdk_platform.a(fsl_uart_hal.o)
                0x0000101c                UART_HAL_SetBaudRate
 .text.UART_HAL_SetParityMode
                0x00001050       0x1e C:/Freescale/KSDK_1.2.0/lib/ksdk_platform_lib/kds/KL26Z4/debug/libksdk_platform.a(fsl_uart_hal.o)
                0x00001050                UART_HAL_SetParityMode
 .text.UART_HAL_SendDataPolling
                0x0000106e       0x22 C:/Freescale/KSDK_1.2.0/lib/ksdk_platform_lib/kds/KL26Z4/debug/libksdk_platform.a(fsl_uart_hal.o)
                0x0000106e                UART_HAL_SendDataPolling
 .text.UART_HAL_ReceiveDataPolling
                0x00001090       0x38 C:/Freescale/KSDK_1.2.0/lib/ksdk_platform_lib/kds/KL26Z4/debug/libksdk_platform.a(fsl_uart_hal.o)
                0x00001090                UART_HAL_ReceiveDataPolling
 .text.LPSCI_HAL_SetBaudRate
                0x000010c8       0xcc C:/Freescale/KSDK_1.2.0/lib/ksdk_platform_lib/kds/KL26Z4/debug/libksdk_platform.a(fsl_lpsci_hal.o)
                0x000010c8                LPSCI_HAL_SetBaudRate
 .text.LPSCI_HAL_SetParityMode
                0x00001194       0x1e C:/Freescale/KSDK_1.2.0/lib/ksdk_platform_lib/kds/KL26Z4/debug/libksdk_platform.a(fsl_lpsci_hal.o)
                0x00001194                LPSCI_HAL_SetParityMode
 .text.LPSCI_HAL_SendDataPolling
                0x000011b2       0x20 C:/Freescale/KSDK_1.2.0/lib/ksdk_platform_lib/kds/KL26Z4/debug/libksdk_platform.a(fsl_lpsci_hal.o)
                0x000011b2                LPSCI_HAL_SendDataPolling
 .text.LPSCI_HAL_ReceiveDataPolling
                0x000011d2       0x36 C:/Freescale/KSDK_1.2.0/lib/ksdk_platform_lib/kds/KL26Z4/debug/libksdk_platform.a(fsl_lpsci_hal.o)
                0x000011d2                LPSCI_HAL_ReceiveDataPolling
 .text.SIM_HAL_EnableClock.constprop.7
                0x00001208       0x24 C:/Freescale/KSDK_1.2.0/lib/ksdk_platform_lib/kds/KL26Z4/debug/libksdk_platform.a(fsl_clock_MKL26Z4.o)
 .text.CLOCK_SYS_GetCoreClockFreq
                0x0000122c       0x20 C:/Freescale/KSDK_1.2.0/lib/ksdk_platform_lib/kds/KL26Z4/debug/libksdk_platform.a(fsl_clock_MKL26Z4.o)
                0x0000122c                CLOCK_SYS_GetCoreClockFreq
 .text.CLOCK_SYS_SetConfiguration
                0x0000124c       0x84 C:/Freescale/KSDK_1.2.0/lib/ksdk_platform_lib/kds/KL26Z4/debug/libksdk_platform.a(fsl_clock_MKL26Z4.o)
                0x0000124c                CLOCK_SYS_SetConfiguration
 .text.CLOCK_SYS_FllStableDelay
                0x000012d0       0x1c C:/Freescale/KSDK_1.2.0/lib/ksdk_platform_lib/kds/KL26Z4/debug/libksdk_platform.a(fsl_clock_MKL26Z4.o)
 .text.CLOCK_SYS_GetSystemClockFreq
                0x000012ec       0x20 C:/Freescale/KSDK_1.2.0/lib/ksdk_platform_lib/kds/KL26Z4/debug/libksdk_platform.a(fsl_clock_MKL26Z4.o)
                0x000012ec                CLOCK_SYS_GetSystemClockFreq
 .text.CLOCK_SYS_GetBusClockFreq
                0x0000130c       0x18 C:/Freescale/KSDK_1.2.0/lib/ksdk_platform_lib/kds/KL26Z4/debug/libksdk_platform.a(fsl_clock_MKL26Z4.o)
                0x0000130c                CLOCK_SYS_GetBusClockFreq
 .text.CLOCK_SYS_GetPllFllClockFreq
                0x00001324       0x30 C:/Freescale/KSDK_1.2.0/lib/ksdk_platform_lib/kds/KL26Z4/debug/libksdk_platform.a(fsl_clock_MKL26Z4.o)
                0x00001324                CLOCK_SYS_GetPllFllClockFreq
 .text.CLOCK_SYS_GetOsc0ExternalRefClockFreq
                0x00001354       0x24 C:/Freescale/KSDK_1.2.0/lib/ksdk_platform_lib/kds/KL26Z4/debug/libksdk_platform.a(fsl_clock_MKL26Z4.o)
                0x00001354                CLOCK_SYS_GetOsc0ExternalRefClockFreq
 .text.CLOCK_SYS_GetLpsciFreq
                0x00001378       0x34 C:/Freescale/KSDK_1.2.0/lib/ksdk_platform_lib/kds/KL26Z4/debug/libksdk_platform.a(fsl_clock_MKL26Z4.o)
                0x00001378                CLOCK_SYS_GetLpsciFreq
 .text.CLOCK_SYS_GetUartFreq
                0x000013ac       0x10 C:/Freescale/KSDK_1.2.0/lib/ksdk_platform_lib/kds/KL26Z4/debug/libksdk_platform.a(fsl_clock_MKL26Z4.o)
                0x000013ac                CLOCK_SYS_GetUartFreq
 .text.CLOCK_SYS_EnablePortClock
                0x000013bc       0x30 C:/Freescale/KSDK_1.2.0/lib/ksdk_platform_lib/kds/KL26Z4/debug/libksdk_platform.a(fsl_clock_MKL26Z4.o)
                0x000013bc                CLOCK_SYS_EnablePortClock
 .text.CLOCK_SYS_EnableLpsciClock
                0x000013ec       0x30 C:/Freescale/KSDK_1.2.0/lib/ksdk_platform_lib/kds/KL26Z4/debug/libksdk_platform.a(fsl_clock_MKL26Z4.o)
                0x000013ec                CLOCK_SYS_EnableLpsciClock
 .text.CLOCK_SYS_EnableUartClock
                0x0000141c       0x30 C:/Freescale/KSDK_1.2.0/lib/ksdk_platform_lib/kds/KL26Z4/debug/libksdk_platform.a(fsl_clock_MKL26Z4.o)
                0x0000141c                CLOCK_SYS_EnableUartClock
 .text.CLOCK_SYS_SetMcgPeeToFbe
                0x0000144c       0x30 C:/Freescale/KSDK_1.2.0/lib/ksdk_platform_lib/kds/KL26Z4/debug/libksdk_platform.a(fsl_clock_manager.o)
 .text.CLOCK_SYS_SetMcgMode
                0x0000147c      0x134 C:/Freescale/KSDK_1.2.0/lib/ksdk_platform_lib/kds/KL26Z4/debug/libksdk_platform.a(fsl_clock_manager.o)
                0x0000147c                CLOCK_SYS_SetMcgMode
 .text.CLOCK_SYS_SetOscerConfigration
                0x000015b0       0x28 C:/Freescale/KSDK_1.2.0/lib/ksdk_platform_lib/kds/KL26Z4/debug/libksdk_platform.a(fsl_clock_manager.o)
                0x000015b0                CLOCK_SYS_SetOscerConfigration
 .text.CLOCK_SYS_OscInit
                0x000015d8       0x98 C:/Freescale/KSDK_1.2.0/lib/ksdk_platform_lib/kds/KL26Z4/debug/libksdk_platform.a(fsl_clock_manager.o)
                0x000015d8                CLOCK_SYS_OscInit
 .text.CLOCK_SYS_RtcOscInit
                0x00001670       0xa0 C:/Freescale/KSDK_1.2.0/lib/ksdk_platform_lib/kds/KL26Z4/debug/libksdk_platform.a(fsl_clock_manager.o)
                0x00001670                CLOCK_SYS_RtcOscInit
 .text.CLOCK_HAL_SetOutDiv
                0x00001710       0x1c C:/Freescale/KSDK_1.2.0/lib/ksdk_platform_lib/kds/KL26Z4/debug/libksdk_platform.a(fsl_sim_hal_MKL26Z4.o)
                0x00001710                CLOCK_HAL_SetOutDiv
 .text.OSC_HAL_SetCapacitor
                0x0000172c        0xe C:/Freescale/KSDK_1.2.0/lib/ksdk_platform_lib/kds/KL26Z4/debug/libksdk_platform.a(fsl_osc_hal.o)
                0x0000172c                OSC_HAL_SetCapacitor
 *fill*         0x0000173a        0x2 
 .text.CLOCK_HAL_TestOscFreq
                0x0000173c        0xc C:/Freescale/KSDK_1.2.0/lib/ksdk_platform_lib/kds/KL26Z4/debug/libksdk_platform.a(fsl_mcg_hal.o)
                0x0000173c                CLOCK_HAL_TestOscFreq
 .text.CLOCK_HAL_TestFllExternalRefFreq
                0x00001748       0x36 C:/Freescale/KSDK_1.2.0/lib/ksdk_platform_lib/kds/KL26Z4/debug/libksdk_platform.a(fsl_mcg_hal.o)
                0x00001748                CLOCK_HAL_TestFllExternalRefFreq
 *fill*         0x0000177e        0x2 
 .text.CLOCK_HAL_GetFllRefClk
                0x00001780       0x44 C:/Freescale/KSDK_1.2.0/lib/ksdk_platform_lib/kds/KL26Z4/debug/libksdk_platform.a(fsl_mcg_hal.o)
                0x00001780                CLOCK_HAL_GetFllRefClk
 .text.CLOCK_HAL_TestFllFreq
                0x000017c4       0x38 C:/Freescale/KSDK_1.2.0/lib/ksdk_platform_lib/kds/KL26Z4/debug/libksdk_platform.a(fsl_mcg_hal.o)
                0x000017c4                CLOCK_HAL_TestFllFreq
 .text.CLOCK_HAL_GetFllClk
                0x000017fc       0x40 C:/Freescale/KSDK_1.2.0/lib/ksdk_platform_lib/kds/KL26Z4/debug/libksdk_platform.a(fsl_mcg_hal.o)
                0x000017fc                CLOCK_HAL_GetFllClk
 .text.CLOCK_HAL_UpdateFastClkInternalRefDiv
                0x0000183c       0x60 C:/Freescale/KSDK_1.2.0/lib/ksdk_platform_lib/kds/KL26Z4/debug/libksdk_platform.a(fsl_mcg_hal.o)
                0x0000183c                CLOCK_HAL_UpdateFastClkInternalRefDiv
 .text.CLOCK_HAL_GetPll0Clk
                0x0000189c       0x48 C:/Freescale/KSDK_1.2.0/lib/ksdk_platform_lib/kds/KL26Z4/debug/libksdk_platform.a(fsl_mcg_hal.o)
                0x0000189c                CLOCK_HAL_GetPll0Clk
 .text.CLOCK_HAL_EnablePll0InFllMode
                0x000018e4       0x38 C:/Freescale/KSDK_1.2.0/lib/ksdk_platform_lib/kds/KL26Z4/debug/libksdk_platform.a(fsl_mcg_hal.o)
                0x000018e4                CLOCK_HAL_EnablePll0InFllMode
 .text.CLOCK_HAL_GetInternalRefClk
                0x0000191c       0x40 C:/Freescale/KSDK_1.2.0/lib/ksdk_platform_lib/kds/KL26Z4/debug/libksdk_platform.a(fsl_mcg_hal.o)
                0x0000191c                CLOCK_HAL_GetInternalRefClk
 .text.CLOCK_HAL_GetOutClk
                0x0000195c       0x48 C:/Freescale/KSDK_1.2.0/lib/ksdk_platform_lib/kds/KL26Z4/debug/libksdk_platform.a(fsl_mcg_hal.o)
                0x0000195c                CLOCK_HAL_GetOutClk
 .text.CLOCK_HAL_SetOsc0Mode
                0x000019a4       0x24 C:/Freescale/KSDK_1.2.0/lib/ksdk_platform_lib/kds/KL26Z4/debug/libksdk_platform.a(fsl_mcg_hal.o)
                0x000019a4                CLOCK_HAL_SetOsc0Mode
 .text.CLOCK_HAL_PrepareOsc.isra.0
                0x000019c8       0x1e C:/Freescale/KSDK_1.2.0/lib/ksdk_platform_lib/kds/KL26Z4/debug/libksdk_platform.a(fsl_mcg_hal_modes.o)
 *fill*         0x000019e6        0x2 
 .text.CLOCK_HAL_GetMcgMode
                0x000019e8       0x8c C:/Freescale/KSDK_1.2.0/lib/ksdk_platform_lib/kds/KL26Z4/debug/libksdk_platform.a(fsl_mcg_hal_modes.o)
                0x000019e8                CLOCK_HAL_GetMcgMode
 .text.CLOCK_HAL_SetFbiMode
                0x00001a74       0xc0 C:/Freescale/KSDK_1.2.0/lib/ksdk_platform_lib/kds/KL26Z4/debug/libksdk_platform.a(fsl_mcg_hal_modes.o)
                0x00001a74                CLOCK_HAL_SetFbiMode
 .text.CLOCK_HAL_SetFbeMode
                0x00001b34       0xd0 C:/Freescale/KSDK_1.2.0/lib/ksdk_platform_lib/kds/KL26Z4/debug/libksdk_platform.a(fsl_mcg_hal_modes.o)
                0x00001b34                CLOCK_HAL_SetFbeMode
 .text.CLOCK_HAL_SetPbeMode
                0x00001c04       0xc8 C:/Freescale/KSDK_1.2.0/lib/ksdk_platform_lib/kds/KL26Z4/debug/libksdk_platform.a(fsl_mcg_hal_modes.o)
                0x00001c04                CLOCK_HAL_SetPbeMode
 .text.__assert_func
                0x00001ccc       0x3c c:/freescale/kds_3.0.0/toolchain/bin/../lib/gcc/arm-none-eabi/4.8.4/../../../../arm-none-eabi/lib/armv6-m\libg_s.a(lib_a-assert.o)
                0x00001ccc                __assert_func
 .text.exit     0x00001d08       0x2c c:/freescale/kds_3.0.0/toolchain/bin/../lib/gcc/arm-none-eabi/4.8.4/../../../../arm-none-eabi/lib/armv6-m\libg_s.a(lib_a-exit.o)
                0x00001d08                exit
 .text.fprintf  0x00001d34       0x24 c:/freescale/kds_3.0.0/toolchain/bin/../lib/gcc/arm-none-eabi/4.8.4/../../../../arm-none-eabi/lib/armv6-m\libg_s.a(lib_a-fprintf.o)
                0x00001d34                fiprintf
                0x00001d34                fprintf
 .text.__libc_init_array
                0x00001d58       0x4c c:/freescale/kds_3.0.0/toolchain/bin/../lib/gcc/arm-none-eabi/4.8.4/../../../../arm-none-eabi/lib/armv6-m\libg_s.a(lib_a-init.o)
                0x00001d58                __libc_init_array
 .text.memset   0x00001da4       0x10 c:/freescale/kds_3.0.0/toolchain/bin/../lib/gcc/arm-none-eabi/4.8.4/../../../../arm-none-eabi/lib/armv6-m\libg_s.a(lib_a-memset.o)
                0x00001da4                memset
 .text._free_r  0x00001db4       0x90 c:/freescale/kds_3.0.0/toolchain/bin/../lib/gcc/arm-none-eabi/4.8.4/../../../../arm-none-eabi/lib/armv6-m\libg_s.a(lib_a-nano-freer.o)
                0x00001db4                _free_r
 .text._malloc_r
                0x00001e44       0xa8 c:/freescale/kds_3.0.0/toolchain/bin/../lib/gcc/arm-none-eabi/4.8.4/../../../../arm-none-eabi/lib/armv6-m\libg_s.a(lib_a-nano-mallocr.o)
                0x00001e44                _malloc_r
 .text._sbrk_r  0x00001eec       0x24 c:/freescale/kds_3.0.0/toolchain/bin/../lib/gcc/arm-none-eabi/4.8.4/../../../../arm-none-eabi/lib/armv6-m\libg_s.a(lib_a-sbrkr.o)
                0x00001eec                _sbrk_r
 .text.strlen   0x00001f10        0xe c:/freescale/kds_3.0.0/toolchain/bin/../lib/gcc/arm-none-eabi/4.8.4/../../../../arm-none-eabi/lib/armv6-m\libg_s.a(lib_a-strlen.o)
                0x00001f10                strlen
 .text.__sfputc_r
                0x00001f1e       0x2a c:/freescale/kds_3.0.0/toolchain/bin/../lib/gcc/arm-none-eabi/4.8.4/../../../../arm-none-eabi/lib/armv6-m\libg_s.a(lib_a-vfprintf.o)
 .text.__sfputs_r
                0x00001f48       0x24 c:/freescale/kds_3.0.0/toolchain/bin/../lib/gcc/arm-none-eabi/4.8.4/../../../../arm-none-eabi/lib/armv6-m\libg_s.a(lib_a-vfprintf.o)
                0x00001f48                __sfputs_r
 .text._vfprintf_r
                0x00001f6c      0x210 c:/freescale/kds_3.0.0/toolchain/bin/../lib/gcc/arm-none-eabi/4.8.4/../../../../arm-none-eabi/lib/armv6-m\libg_s.a(lib_a-vfprintf.o)
                0x00001f6c                _vfprintf_r
                0x00001f6c                _vfiprintf_r
 .text._printf_common
                0x0000217c       0xe8 c:/freescale/kds_3.0.0/toolchain/bin/../lib/gcc/arm-none-eabi/4.8.4/../../../../arm-none-eabi/lib/armv6-m\libg_s.a(lib_a-vfprintf_i.o)
                0x0000217c                _printf_common
 .text._printf_i
                0x00002264      0x22c c:/freescale/kds_3.0.0/toolchain/bin/../lib/gcc/arm-none-eabi/4.8.4/../../../../arm-none-eabi/lib/armv6-m\libg_s.a(lib_a-vfprintf_i.o)
                0x00002264                _printf_i
 .text.__swbuf_r
                0x00002490       0xb0 c:/freescale/kds_3.0.0/toolchain/bin/../lib/gcc/arm-none-eabi/4.8.4/../../../../arm-none-eabi/lib/armv6-m\libg_s.a(lib_a-wbuf.o)
                0x00002490                __swbuf_r
 .text.__swsetup_r
                0x00002540       0xe4 c:/freescale/kds_3.0.0/toolchain/bin/../lib/gcc/arm-none-eabi/4.8.4/../../../../arm-none-eabi/lib/armv6-m\libg_s.a(lib_a-wsetup.o)
                0x00002540                __swsetup_r
 .text.abort    0x00002624        0xe c:/freescale/kds_3.0.0/toolchain/bin/../lib/gcc/arm-none-eabi/4.8.4/../../../../arm-none-eabi/lib/armv6-m\libg_s.a(lib_a-abort.o)
                0x00002624                abort
 .text.__sflush_r
                0x00002632      0x112 c:/freescale/kds_3.0.0/toolchain/bin/../lib/gcc/arm-none-eabi/4.8.4/../../../../arm-none-eabi/lib/armv6-m\libg_s.a(lib_a-fflush.o)
                0x00002632                __sflush_r
 .text._fflush_r
                0x00002744       0x58 c:/freescale/kds_3.0.0/toolchain/bin/../lib/gcc/arm-none-eabi/4.8.4/../../../../arm-none-eabi/lib/armv6-m\libg_s.a(lib_a-fflush.o)
                0x00002744                _fflush_r
 .text._cleanup_r
                0x0000279c       0x34 c:/freescale/kds_3.0.0/toolchain/bin/../lib/gcc/arm-none-eabi/4.8.4/../../../../arm-none-eabi/lib/armv6-m\libg_s.a(lib_a-findfp.o)
                0x0000279c                _cleanup_r
 .text.std.isra.0
                0x000027d0       0x48 c:/freescale/kds_3.0.0/toolchain/bin/../lib/gcc/arm-none-eabi/4.8.4/../../../../arm-none-eabi/lib/armv6-m\libg_s.a(lib_a-findfp.o)
 .text.__sfmoreglue
                0x00002818       0x2c c:/freescale/kds_3.0.0/toolchain/bin/../lib/gcc/arm-none-eabi/4.8.4/../../../../arm-none-eabi/lib/armv6-m\libg_s.a(lib_a-findfp.o)
                0x00002818                __sfmoreglue
 .text.__sinit  0x00002844       0x64 c:/freescale/kds_3.0.0/toolchain/bin/../lib/gcc/arm-none-eabi/4.8.4/../../../../arm-none-eabi/lib/armv6-m\libg_s.a(lib_a-findfp.o)
                0x00002844                __sinit
 .text.__sfp    0x000028a8       0x7c c:/freescale/kds_3.0.0/toolchain/bin/../lib/gcc/arm-none-eabi/4.8.4/../../../../arm-none-eabi/lib/armv6-m\libg_s.a(lib_a-findfp.o)
                0x000028a8                __sfp
 .text.__smakebuf_r
                0x00002924       0xa0 c:/freescale/kds_3.0.0/toolchain/bin/../lib/gcc/arm-none-eabi/4.8.4/../../../../arm-none-eabi/lib/armv6-m\libg_s.a(lib_a-makebuf.o)
                0x00002924                __smakebuf_r
 .text.memchr   0x000029c4       0x16 c:/freescale/kds_3.0.0/toolchain/bin/../lib/gcc/arm-none-eabi/4.8.4/../../../../arm-none-eabi/lib/armv6-m\libg_s.a(lib_a-memchr-stub.o)
                0x000029c4                memchr
 .text._raise_r
                0x000029da       0x56 c:/freescale/kds_3.0.0/toolchain/bin/../lib/gcc/arm-none-eabi/4.8.4/../../../../arm-none-eabi/lib/armv6-m\libg_s.a(lib_a-signal.o)
                0x000029da                _raise_r
 .text.raise    0x00002a30       0x14 c:/freescale/kds_3.0.0/toolchain/bin/../lib/gcc/arm-none-eabi/4.8.4/../../../../arm-none-eabi/lib/armv6-m\libg_s.a(lib_a-signal.o)
                0x00002a30                raise
 .text._kill_r  0x00002a44       0x24 c:/freescale/kds_3.0.0/toolchain/bin/../lib/gcc/arm-none-eabi/4.8.4/../../../../arm-none-eabi/lib/armv6-m\libg_s.a(lib_a-signalr.o)
                0x00002a44                _kill_r
 .text._getpid_r
                0x00002a68        0x8 c:/freescale/kds_3.0.0/toolchain/bin/../lib/gcc/arm-none-eabi/4.8.4/../../../../arm-none-eabi/lib/armv6-m\libg_s.a(lib_a-signalr.o)
                0x00002a68                _getpid_r
 .text.__sread  0x00002a70       0x28 c:/freescale/kds_3.0.0/toolchain/bin/../lib/gcc/arm-none-eabi/4.8.4/../../../../arm-none-eabi/lib/armv6-m\libg_s.a(lib_a-stdio.o)
                0x00002a70                __sread
 .text.__swrite
                0x00002a98       0x38 c:/freescale/kds_3.0.0/toolchain/bin/../lib/gcc/arm-none-eabi/4.8.4/../../../../arm-none-eabi/lib/armv6-m\libg_s.a(lib_a-stdio.o)
                0x00002a98                __swrite
 .text.__sseek  0x00002ad0       0x2c c:/freescale/kds_3.0.0/toolchain/bin/../lib/gcc/arm-none-eabi/4.8.4/../../../../arm-none-eabi/lib/armv6-m\libg_s.a(lib_a-stdio.o)
                0x00002ad0                __sseek
 .text.__sclose
                0x00002afc        0xc c:/freescale/kds_3.0.0/toolchain/bin/../lib/gcc/arm-none-eabi/4.8.4/../../../../arm-none-eabi/lib/armv6-m\libg_s.a(lib_a-stdio.o)
                0x00002afc                __sclose
 .text._write_r
                0x00002b08       0x28 c:/freescale/kds_3.0.0/toolchain/bin/../lib/gcc/arm-none-eabi/4.8.4/../../../../arm-none-eabi/lib/armv6-m\libg_s.a(lib_a-writer.o)
                0x00002b08                _write_r
 .text._close_r
                0x00002b30       0x24 c:/freescale/kds_3.0.0/toolchain/bin/../lib/gcc/arm-none-eabi/4.8.4/../../../../arm-none-eabi/lib/armv6-m\libg_s.a(lib_a-closer.o)
                0x00002b30                _close_r
 .text._fstat_r
                0x00002b54       0x24 c:/freescale/kds_3.0.0/toolchain/bin/../lib/gcc/arm-none-eabi/4.8.4/../../../../arm-none-eabi/lib/armv6-m\libg_s.a(lib_a-fstatr.o)
                0x00002b54                _fstat_r
 .text._isatty_r
                0x00002b78       0x24 c:/freescale/kds_3.0.0/toolchain/bin/../lib/gcc/arm-none-eabi/4.8.4/../../../../arm-none-eabi/lib/armv6-m\libg_s.a(lib_a-isattyr.o)
                0x00002b78                _isatty_r
 .text._lseek_r
                0x00002b9c       0x28 c:/freescale/kds_3.0.0/toolchain/bin/../lib/gcc/arm-none-eabi/4.8.4/../../../../arm-none-eabi/lib/armv6-m\libg_s.a(lib_a-lseekr.o)
                0x00002b9c                _lseek_r
 .text._read_r  0x00002bc4       0x28 c:/freescale/kds_3.0.0/toolchain/bin/../lib/gcc/arm-none-eabi/4.8.4/../../../../arm-none-eabi/lib/armv6-m\libg_s.a(lib_a-readr.o)
                0x00002bc4                _read_r
 .text._close   0x00002bec       0x10 c:/freescale/kds_3.0.0/toolchain/bin/../lib/gcc/arm-none-eabi/4.8.4/../../../../arm-none-eabi/lib/armv6-m\libnosys.a(close.o)
                0x00002bec                _close
 .text._fstat   0x00002bfc       0x10 c:/freescale/kds_3.0.0/toolchain/bin/../lib/gcc/arm-none-eabi/4.8.4/../../../../arm-none-eabi/lib/armv6-m\libnosys.a(fstat.o)
                0x00002bfc                _fstat
 .text._getpid  0x00002c0c       0x10 c:/freescale/kds_3.0.0/toolchain/bin/../lib/gcc/arm-none-eabi/4.8.4/../../../../arm-none-eabi/lib/armv6-m\libnosys.a(getpid.o)
                0x00002c0c                _getpid
 .text._isatty  0x00002c1c       0x10 c:/freescale/kds_3.0.0/toolchain/bin/../lib/gcc/arm-none-eabi/4.8.4/../../../../arm-none-eabi/lib/armv6-m\libnosys.a(isatty.o)
                0x00002c1c                _isatty
 .text._kill    0x00002c2c       0x10 c:/freescale/kds_3.0.0/toolchain/bin/../lib/gcc/arm-none-eabi/4.8.4/../../../../arm-none-eabi/lib/armv6-m\libnosys.a(kill.o)
                0x00002c2c                _kill
 .text._lseek   0x00002c3c       0x10 c:/freescale/kds_3.0.0/toolchain/bin/../lib/gcc/arm-none-eabi/4.8.4/../../../../arm-none-eabi/lib/armv6-m\libnosys.a(lseek.o)
                0x00002c3c                _lseek
 .text._sbrk    0x00002c4c       0x34 c:/freescale/kds_3.0.0/toolchain/bin/../lib/gcc/arm-none-eabi/4.8.4/../../../../arm-none-eabi/lib/armv6-m\libnosys.a(sbrk.o)
                0x00002c4c                _sbrk
 .text._exit    0x00002c80        0x4 c:/freescale/kds_3.0.0/toolchain/bin/../lib/gcc/arm-none-eabi/4.8.4/../../../../arm-none-eabi/lib/armv6-m\libnosys.a(_exit.o)
                0x00002c80                _exit
 *(.rodata)
 .rodata        0x00002c84        0xc ./Utilities/fsl_debug_console.o
 .rodata        0x00002c90       0x44 ./Board/board.o
 .rodata        0x00002cd4       0x44 ./Board/pin_mux.o
 *(.rodata*)
 .rodata.FRDM_KL26Z_SW1_Configure
                0x00002d18       0x1c ./frdm_kl26z/gpio.o
 .rodata.g_defaultClockConfigRun
                0x00002d34       0x14 ./Board/board.o
                0x00002d34                g_defaultClockConfigRun
 .rodata.__func__.5149
                0x00002d48       0x14 ./Board/board.o
 .rodata.__func__.5125
                0x00002d5c       0x14 ./Board/pin_mux.o
 .rodata.uartGateTable
                0x00002d70        0x3 C:/Freescale/KSDK_1.2.0/lib/ksdk_platform_lib/kds/KL26Z4/debug/libksdk_platform.a(fsl_clock_MKL26Z4.o)
 .rodata.__func__.6205
                0x00002d73       0x1b C:/Freescale/KSDK_1.2.0/lib/ksdk_platform_lib/kds/KL26Z4/debug/libksdk_platform.a(fsl_clock_MKL26Z4.o)
 .rodata.__func__.6351
                0x00002d8e       0x1a C:/Freescale/KSDK_1.2.0/lib/ksdk_platform_lib/kds/KL26Z4/debug/libksdk_platform.a(fsl_clock_MKL26Z4.o)
 .rodata.str1.1
                0x00002da8      0x225 C:/Freescale/KSDK_1.2.0/lib/ksdk_platform_lib/kds/KL26Z4/debug/libksdk_platform.a(fsl_clock_MKL26Z4.o)
 .rodata.portGateTable
                0x00002fcd        0x5 C:/Freescale/KSDK_1.2.0/lib/ksdk_platform_lib/kds/KL26Z4/debug/libksdk_platform.a(fsl_clock_MKL26Z4.o)
 .rodata.__func__.6424
                0x00002fd2       0x1b C:/Freescale/KSDK_1.2.0/lib/ksdk_platform_lib/kds/KL26Z4/debug/libksdk_platform.a(fsl_clock_MKL26Z4.o)
 .rodata.__func__.6429
                0x00002fed       0x1a C:/Freescale/KSDK_1.2.0/lib/ksdk_platform_lib/kds/KL26Z4/debug/libksdk_platform.a(fsl_clock_MKL26Z4.o)
 .rodata.__func__.6613
                0x00003007       0x15 C:/Freescale/KSDK_1.2.0/lib/ksdk_platform_lib/kds/KL26Z4/debug/libksdk_platform.a(fsl_clock_manager.o)
 .rodata.str1.1
                0x0000301c       0xaf C:/Freescale/KSDK_1.2.0/lib/ksdk_platform_lib/kds/KL26Z4/debug/libksdk_platform.a(fsl_clock_manager.o)
 .rodata.__func__.6596
                0x000030cb       0x12 C:/Freescale/KSDK_1.2.0/lib/ksdk_platform_lib/kds/KL26Z4/debug/libksdk_platform.a(fsl_clock_manager.o)
 *fill*         0x000030dd        0x3 
 .rodata.g_oscBase
                0x000030e0        0x4 C:/Freescale/KSDK_1.2.0/lib/ksdk_platform_lib/kds/KL26Z4/debug/libksdk_platform.a(fsl_clock_manager_common.o)
                0x000030e0                g_oscBase
 .rodata.g_rtcBase
                0x000030e4        0x4 C:/Freescale/KSDK_1.2.0/lib/ksdk_platform_lib/kds/KL26Z4/debug/libksdk_platform.a(fsl_rtc_common.o)
                0x000030e4                g_rtcBase
 .rodata.fllFactorTable.5213
                0x000030e8       0x10 C:/Freescale/KSDK_1.2.0/lib/ksdk_platform_lib/kds/KL26Z4/debug/libksdk_platform.a(fsl_mcg_hal.o)
 .rodata.str1.1
                0x000030f8       0x3c c:/freescale/kds_3.0.0/toolchain/bin/../lib/gcc/arm-none-eabi/4.8.4/../../../../arm-none-eabi/lib/armv6-m\libg_s.a(lib_a-assert.o)
                                 0x3d (size before relaxing)
 .rodata.str1.1
                0x00003134        0x2 c:/freescale/kds_3.0.0/toolchain/bin/../lib/gcc/arm-none-eabi/4.8.4/../../../../arm-none-eabi/lib/armv6-m\libg_s.a(lib_a-impure.o)
 *fill*         0x00003136        0x2 
 .rodata._global_impure_ptr
                0x00003138        0x4 c:/freescale/kds_3.0.0/toolchain/bin/../lib/gcc/arm-none-eabi/4.8.4/../../../../arm-none-eabi/lib/armv6-m\libg_s.a(lib_a-impure.o)
                0x00003138                _global_impure_ptr
 .rodata.str1.1
                0x0000313c       0x11 c:/freescale/kds_3.0.0/toolchain/bin/../lib/gcc/arm-none-eabi/4.8.4/../../../../arm-none-eabi/lib/armv6-m\libg_s.a(lib_a-vfprintf.o)
 .rodata.str1.1
                0x0000314d       0x22 c:/freescale/kds_3.0.0/toolchain/bin/../lib/gcc/arm-none-eabi/4.8.4/../../../../arm-none-eabi/lib/armv6-m\libg_s.a(lib_a-vfprintf_i.o)
 *fill*         0x0000316f        0x1 
 .rodata.__sf_fake_stdin
                0x00003170       0x20 c:/freescale/kds_3.0.0/toolchain/bin/../lib/gcc/arm-none-eabi/4.8.4/../../../../arm-none-eabi/lib/armv6-m\libg_s.a(lib_a-findfp.o)
                0x00003170                __sf_fake_stdin
 .rodata.__sf_fake_stdout
                0x00003190       0x20 c:/freescale/kds_3.0.0/toolchain/bin/../lib/gcc/arm-none-eabi/4.8.4/../../../../arm-none-eabi/lib/armv6-m\libg_s.a(lib_a-findfp.o)
                0x00003190                __sf_fake_stdout
 .rodata.__sf_fake_stderr
                0x000031b0       0x20 c:/freescale/kds_3.0.0/toolchain/bin/../lib/gcc/arm-none-eabi/4.8.4/../../../../arm-none-eabi/lib/armv6-m\libg_s.a(lib_a-findfp.o)
                0x000031b0                __sf_fake_stderr
 *(.glue_7)
 .glue_7        0x00000000        0x0 linker stubs
 *(.glue_7t)
 .glue_7t       0x00000000        0x0 linker stubs
 *(.eh_frame)
 .eh_frame      0x000031d0        0x0 c:/freescale/kds_3.0.0/toolchain/bin/../lib/gcc/arm-none-eabi/4.8.4/armv6-m/crtbegin.o
 *(.init)
 .init          0x000031d0        0x4 c:/freescale/kds_3.0.0/toolchain/bin/../lib/gcc/arm-none-eabi/4.8.4/armv6-m/crti.o
                0x000031d0                _init
 .init          0x000031d4        0x8 c:/freescale/kds_3.0.0/toolchain/bin/../lib/gcc/arm-none-eabi/4.8.4/armv6-m/crtn.o
 *(.fini)
 .fini          0x000031dc        0x4 c:/freescale/kds_3.0.0/toolchain/bin/../lib/gcc/arm-none-eabi/4.8.4/armv6-m/crti.o
                0x000031dc                _fini
 .fini          0x000031e0        0x8 c:/freescale/kds_3.0.0/toolchain/bin/../lib/gcc/arm-none-eabi/4.8.4/armv6-m/crtn.o
                0x000031e8                . = ALIGN (0x4)

.vfp11_veneer   0x000031e8        0x0
 .vfp11_veneer  0x00000000        0x0 linker stubs

.v4_bx          0x000031e8        0x0
 .v4_bx         0x00000000        0x0 linker stubs

.iplt           0x000031e8        0x0
 .iplt          0x00000000        0x0 c:/freescale/kds_3.0.0/toolchain/bin/../lib/gcc/arm-none-eabi/4.8.4/armv6-m/crtbegin.o

.ARM.extab
 *(.ARM.extab* .gnu.linkonce.armextab.*)

.ARM            0x000031e8        0x8
                0x000031e8                __exidx_start = .
 *(.ARM.exidx*)
 .ARM.exidx     0x000031e8        0x8 c:/freescale/kds_3.0.0/toolchain/bin/../lib/gcc/arm-none-eabi/4.8.4/../../../../arm-none-eabi/lib/armv6-m/crt0.o
                0x000031f0                __exidx_end = .

.rel.dyn        0x000031f0        0x0
 .rel.iplt      0x00000000        0x0 c:/freescale/kds_3.0.0/toolchain/bin/../lib/gcc/arm-none-eabi/4.8.4/armv6-m/crtbegin.o

.ctors          0x000031f0        0x0
                0x000031f0                __CTOR_LIST__ = .
 *crtbegin.o(.ctors)
 *crtbegin?.o(.ctors)
 *(EXCLUDE_FILE(*crtend.o *crtend?.o) .ctors)
 *(SORT(.ctors.*))
 *(.ctors)
                0x000031f0                __CTOR_END__ = .

.dtors          0x000031f0        0x0
                0x000031f0                __DTOR_LIST__ = .
 *crtbegin.o(.dtors)
 *crtbegin?.o(.dtors)
 *(EXCLUDE_FILE(*crtend.o *crtend?.o) .dtors)
 *(SORT(.dtors.*))
 *(.dtors)
                0x000031f0                __DTOR_END__ = .

.preinit_array  0x000031f0        0x0
                0x000031f0                PROVIDE (__preinit_array_start, .)
 *(.preinit_array*)
                0x000031f0                PROVIDE (__preinit_array_end, .)

.init_array     0x000031f0        0x4
                0x000031f0                PROVIDE (__init_array_start, .)
 *(SORT(.init_array.*))
 *(.init_array*)
 .init_array    0x000031f0        0x4 c:/freescale/kds_3.0.0/toolchain/bin/../lib/gcc/arm-none-eabi/4.8.4/armv6-m/crtbegin.o
                0x000031f4                PROVIDE (__init_array_end, .)

.fini_array     0x000031f4        0x4
                0x000031f4                PROVIDE (__fini_array_start, .)
 *(SORT(.fini_array.*))
 *(.fini_array*)
 .fini_array    0x000031f4        0x4 c:/freescale/kds_3.0.0/toolchain/bin/../lib/gcc/arm-none-eabi/4.8.4/armv6-m/crtbegin.o
                0x000031f8                PROVIDE (__fini_array_end, .)
                0x000031f8                __etext = .
                0x000031f8                __DATA_ROM = .

.mtb            0x1ffff000        0x0
                0x1ffff000                . = ALIGN (0x8)
                0x1ffff000                _mtb_start = .
 *(.mtb_buf)
                0x1ffff000                . = ALIGN (0x8)
                0x1ffff000                _mtb_end = .

.interrupts_ram
                0x1ffff000        0x0
                0x1ffff000                . = ALIGN (0x4)
                0x1ffff000                __VECTOR_RAM__ = .
                0x1ffff000                __interrupts_ram_start__ = .
 *(.m_interrupts_ram)
                0x1ffff000                . = (. + M_VECTOR_RAM_SIZE)
                0x1ffff000                . = ALIGN (0x4)
                0x1ffff000                __interrupts_ram_end__ = .
                0x00000000                __VECTOR_RAM = DEFINED (__ram_vector_table__)?__VECTOR_RAM__:ORIGIN (m_interrupts)
                0x00000000                __RAM_VECTOR_TABLE_SIZE_BYTES = DEFINED (__ram_vector_table__)?(__interrupts_ram_end__ - __interrupts_ram_start__):0x0

.data           0x1ffff000       0x74 load address 0x000031f8
                0x1ffff000                . = ALIGN (0x4)
                0x1ffff000                __DATA_RAM = .
                0x1ffff000                __data_start__ = .
 *(.data)
 *(.data*)
 .data.SystemCoreClock
                0x1ffff000        0x4 ./Project_Settings/Startup_Code/system_MKL26Z4.o
                0x1ffff000                SystemCoreClock
 .data.g_slowInternalRefClkFreq
                0x1ffff004        0x4 C:/Freescale/KSDK_1.2.0/lib/ksdk_platform_lib/kds/KL26Z4/debug/libksdk_platform.a(fsl_mcg_hal.o)
                0x1ffff004                g_slowInternalRefClkFreq
 .data.g_fastInternalRefClkFreq
                0x1ffff008        0x4 C:/Freescale/KSDK_1.2.0/lib/ksdk_platform_lib/kds/KL26Z4/debug/libksdk_platform.a(fsl_mcg_hal.o)
                0x1ffff008                g_fastInternalRefClkFreq
 .data.impure_data
                0x1ffff00c       0x60 c:/freescale/kds_3.0.0/toolchain/bin/../lib/gcc/arm-none-eabi/4.8.4/../../../../arm-none-eabi/lib/armv6-m\libg_s.a(lib_a-impure.o)
 .data._impure_ptr
                0x1ffff06c        0x4 c:/freescale/kds_3.0.0/toolchain/bin/../lib/gcc/arm-none-eabi/4.8.4/../../../../arm-none-eabi/lib/armv6-m\libg_s.a(lib_a-impure.o)
                0x1ffff06c                _impure_ptr
 *(.jcr*)
 .jcr           0x1ffff070        0x0 c:/freescale/kds_3.0.0/toolchain/bin/../lib/gcc/arm-none-eabi/4.8.4/armv6-m/crtbegin.o
 .jcr           0x1ffff070        0x4 c:/freescale/kds_3.0.0/toolchain/bin/../lib/gcc/arm-none-eabi/4.8.4/armv6-m/crtend.o
                0x1ffff074                . = ALIGN (0x4)
                0x1ffff074                __data_end__ = .
                0x0000326c                __DATA_END = (__DATA_ROM + (__data_end__ - __data_start__))

.igot.plt       0x1ffff074        0x0 load address 0x0000326c
 .igot.plt      0x00000000        0x0 c:/freescale/kds_3.0.0/toolchain/bin/../lib/gcc/arm-none-eabi/4.8.4/armv6-m/crtbegin.o

.bss            0x1ffff074       0x48 load address 0x0000326c
                0x1ffff074                . = ALIGN (0x4)
                0x1ffff074                __START_BSS = .
                0x1ffff074                __bss_start__ = .
 *(.bss)
 .bss           0x1ffff074       0x1c c:/freescale/kds_3.0.0/toolchain/bin/../lib/gcc/arm-none-eabi/4.8.4/armv6-m/crtbegin.o
 *(.bss*)
 .bss.s_debugConsole
                0x1ffff090       0x10 ./Utilities/fsl_debug_console.o
 .bss.count     0x1ffff0a0        0x4 ./Sources/main.o
                0x1ffff0a0                count
 .bss.g_xtal0ClkFreq
                0x1ffff0a4        0x4 C:/Freescale/KSDK_1.2.0/lib/ksdk_platform_lib/kds/KL26Z4/debug/libksdk_platform.a(fsl_mcg_hal.o)
                0x1ffff0a4                g_xtal0ClkFreq
 .bss.g_xtalRtcClkFreq
                0x1ffff0a8        0x4 C:/Freescale/KSDK_1.2.0/lib/ksdk_platform_lib/kds/KL26Z4/debug/libksdk_platform.a(fsl_mcg_hal.o)
                0x1ffff0a8                g_xtalRtcClkFreq
 .bss.__malloc_sbrk_start
                0x1ffff0ac        0x4 c:/freescale/kds_3.0.0/toolchain/bin/../lib/gcc/arm-none-eabi/4.8.4/../../../../arm-none-eabi/lib/armv6-m\libg_s.a(lib_a-nano-mallocr.o)
                0x1ffff0ac                __malloc_sbrk_start
 .bss.__malloc_free_list
                0x1ffff0b0        0x4 c:/freescale/kds_3.0.0/toolchain/bin/../lib/gcc/arm-none-eabi/4.8.4/../../../../arm-none-eabi/lib/armv6-m\libg_s.a(lib_a-nano-mallocr.o)
                0x1ffff0b0                __malloc_free_list
 .bss.heap_end.4246
                0x1ffff0b4        0x4 c:/freescale/kds_3.0.0/toolchain/bin/../lib/gcc/arm-none-eabi/4.8.4/../../../../arm-none-eabi/lib/armv6-m\libnosys.a(sbrk.o)
 *(COMMON)
 COMMON         0x1ffff0b8        0x4 c:/freescale/kds_3.0.0/toolchain/bin/../lib/gcc/arm-none-eabi/4.8.4/../../../../arm-none-eabi/lib/armv6-m\libg_s.a(lib_a-reent.o)
                0x1ffff0b8                errno
                0x1ffff0bc                . = ALIGN (0x4)
                0x1ffff0bc                __bss_end__ = .
                0x1ffff0bc                __END_BSS = .

.heap           0x1ffff0bc      0x404 load address 0x000032b4
                0x1ffff0c0                . = ALIGN (0x8)
 *fill*         0x1ffff0bc        0x4 
                0x1ffff0c0                __end__ = .
                0x1ffff0c0                PROVIDE (end, .)
                0x1ffff0c0                __HeapBase = .
                0x1ffff4c0                . = (. + HEAP_SIZE)
 *fill*         0x1ffff0c0      0x400 
                0x1ffff4c0                __HeapLimit = .

.stack          0x1ffff4c0      0x400 load address 0x000036b8
                0x1ffff4c0                . = ALIGN (0x8)
                0x1ffff8c0                . = (. + STACK_SIZE)
 *fill*         0x1ffff4c0      0x400 
                0x20003000                __StackTop = (ORIGIN (m_data) + 0x4000)
                0x20002c00                __StackLimit = (__StackTop - STACK_SIZE)
                0x20003000                PROVIDE (__stack, __StackTop)

.ARM.attributes
                0x00000000       0x28
 *(.ARM.attributes)
 .ARM.attributes
                0x00000000       0x1e c:/freescale/kds_3.0.0/toolchain/bin/../lib/gcc/arm-none-eabi/4.8.4/armv6-m/crti.o
 .ARM.attributes
                0x0000001e       0x2c c:/freescale/kds_3.0.0/toolchain/bin/../lib/gcc/arm-none-eabi/4.8.4/armv6-m/crtbegin.o
 .ARM.attributes
                0x0000004a       0x1b c:/freescale/kds_3.0.0/toolchain/bin/../lib/gcc/arm-none-eabi/4.8.4/../../../../arm-none-eabi/lib/armv6-m/crt0.o
 .ARM.attributes
                0x00000065       0x32 ./frdm_kl26z/gpio.o
 .ARM.attributes
                0x00000097       0x32 ./Utilities/fsl_debug_console.o
 .ARM.attributes
                0x000000c9       0x32 ./Sources/main.o
 .ARM.attributes
                0x000000fb       0x32 ./Project_Settings/Startup_Code/startup.o
 .ARM.attributes
                0x0000012d       0x1b ./Project_Settings/Startup_Code/startup_MKL26Z4.o
 .ARM.attributes
                0x00000148       0x32 ./Project_Settings/Startup_Code/system_MKL26Z4.o
 .ARM.attributes
                0x0000017a       0x32 ./Board/board.o
 .ARM.attributes
                0x000001ac       0x32 ./Board/hardware_init.o
 .ARM.attributes
                0x000001de       0x32 ./Board/pin_mux.o
 .ARM.attributes
                0x00000210       0x32 C:/Freescale/KSDK_1.2.0/lib/ksdk_platform_lib/kds/KL26Z4/debug/libksdk_platform.a(fsl_uart_hal.o)
 .ARM.attributes
                0x00000242       0x32 C:/Freescale/KSDK_1.2.0/lib/ksdk_platform_lib/kds/KL26Z4/debug/libksdk_platform.a(fsl_lpsci_hal.o)
 .ARM.attributes
                0x00000274       0x32 C:/Freescale/KSDK_1.2.0/lib/ksdk_platform_lib/kds/KL26Z4/debug/libksdk_platform.a(fsl_clock_MKL26Z4.o)
 .ARM.attributes
                0x000002a6       0x32 C:/Freescale/KSDK_1.2.0/lib/ksdk_platform_lib/kds/KL26Z4/debug/libksdk_platform.a(fsl_clock_manager.o)
 .ARM.attributes
                0x000002d8       0x32 C:/Freescale/KSDK_1.2.0/lib/ksdk_platform_lib/kds/KL26Z4/debug/libksdk_platform.a(fsl_clock_manager_common.o)
 .ARM.attributes
                0x0000030a       0x32 C:/Freescale/KSDK_1.2.0/lib/ksdk_platform_lib/kds/KL26Z4/debug/libksdk_platform.a(fsl_sim_hal_MKL26Z4.o)
 .ARM.attributes
                0x0000033c       0x32 C:/Freescale/KSDK_1.2.0/lib/ksdk_platform_lib/kds/KL26Z4/debug/libksdk_platform.a(fsl_rtc_common.o)
 .ARM.attributes
                0x0000036e       0x32 C:/Freescale/KSDK_1.2.0/lib/ksdk_platform_lib/kds/KL26Z4/debug/libksdk_platform.a(fsl_osc_hal.o)
 .ARM.attributes
                0x000003a0       0x32 C:/Freescale/KSDK_1.2.0/lib/ksdk_platform_lib/kds/KL26Z4/debug/libksdk_platform.a(fsl_mcg_hal.o)
 .ARM.attributes
                0x000003d2       0x32 C:/Freescale/KSDK_1.2.0/lib/ksdk_platform_lib/kds/KL26Z4/debug/libksdk_platform.a(fsl_mcg_hal_modes.o)
 .ARM.attributes
                0x00000404       0x1e c:/freescale/kds_3.0.0/toolchain/bin/../lib/gcc/arm-none-eabi/4.8.4/armv6-m\libgcc.a(_thumb1_case_uqi.o)
 .ARM.attributes
                0x00000422       0x1e c:/freescale/kds_3.0.0/toolchain/bin/../lib/gcc/arm-none-eabi/4.8.4/armv6-m\libgcc.a(_udivsi3.o)
 .ARM.attributes
                0x00000440       0x1e c:/freescale/kds_3.0.0/toolchain/bin/../lib/gcc/arm-none-eabi/4.8.4/armv6-m\libgcc.a(_dvmd_tls.o)
 .ARM.attributes
                0x0000045e       0x2c c:/freescale/kds_3.0.0/toolchain/bin/../lib/gcc/arm-none-eabi/4.8.4/../../../../arm-none-eabi/lib/armv6-m\libg_s.a(lib_a-assert.o)
 .ARM.attributes
                0x0000048a       0x2c c:/freescale/kds_3.0.0/toolchain/bin/../lib/gcc/arm-none-eabi/4.8.4/../../../../arm-none-eabi/lib/armv6-m\libg_s.a(lib_a-exit.o)
 .ARM.attributes
                0x000004b6       0x2c c:/freescale/kds_3.0.0/toolchain/bin/../lib/gcc/arm-none-eabi/4.8.4/../../../../arm-none-eabi/lib/armv6-m\libg_s.a(lib_a-fprintf.o)
 .ARM.attributes
                0x000004e2       0x2c c:/freescale/kds_3.0.0/toolchain/bin/../lib/gcc/arm-none-eabi/4.8.4/../../../../arm-none-eabi/lib/armv6-m\libg_s.a(lib_a-impure.o)
 .ARM.attributes
                0x0000050e       0x2c c:/freescale/kds_3.0.0/toolchain/bin/../lib/gcc/arm-none-eabi/4.8.4/../../../../arm-none-eabi/lib/armv6-m\libg_s.a(lib_a-init.o)
 .ARM.attributes
                0x0000053a       0x2c c:/freescale/kds_3.0.0/toolchain/bin/../lib/gcc/arm-none-eabi/4.8.4/../../../../arm-none-eabi/lib/armv6-m\libg_s.a(lib_a-memset.o)
 .ARM.attributes
                0x00000566       0x2c c:/freescale/kds_3.0.0/toolchain/bin/../lib/gcc/arm-none-eabi/4.8.4/../../../../arm-none-eabi/lib/armv6-m\libg_s.a(lib_a-nano-freer.o)
 .ARM.attributes
                0x00000592       0x2c c:/freescale/kds_3.0.0/toolchain/bin/../lib/gcc/arm-none-eabi/4.8.4/../../../../arm-none-eabi/lib/armv6-m\libg_s.a(lib_a-nano-mallocr.o)
 .ARM.attributes
                0x000005be       0x2c c:/freescale/kds_3.0.0/toolchain/bin/../lib/gcc/arm-none-eabi/4.8.4/../../../../arm-none-eabi/lib/armv6-m\libg_s.a(lib_a-sbrkr.o)
 .ARM.attributes
                0x000005ea       0x2c c:/freescale/kds_3.0.0/toolchain/bin/../lib/gcc/arm-none-eabi/4.8.4/../../../../arm-none-eabi/lib/armv6-m\libg_s.a(lib_a-strlen.o)
 .ARM.attributes
                0x00000616       0x2c c:/freescale/kds_3.0.0/toolchain/bin/../lib/gcc/arm-none-eabi/4.8.4/../../../../arm-none-eabi/lib/armv6-m\libg_s.a(lib_a-vfprintf.o)
 .ARM.attributes
                0x00000642       0x2c c:/freescale/kds_3.0.0/toolchain/bin/../lib/gcc/arm-none-eabi/4.8.4/../../../../arm-none-eabi/lib/armv6-m\libg_s.a(lib_a-vfprintf_i.o)
 .ARM.attributes
                0x0000066e       0x2c c:/freescale/kds_3.0.0/toolchain/bin/../lib/gcc/arm-none-eabi/4.8.4/../../../../arm-none-eabi/lib/armv6-m\libg_s.a(lib_a-wbuf.o)
 .ARM.attributes
                0x0000069a       0x2c c:/freescale/kds_3.0.0/toolchain/bin/../lib/gcc/arm-none-eabi/4.8.4/../../../../arm-none-eabi/lib/armv6-m\libg_s.a(lib_a-wsetup.o)
 .ARM.attributes
                0x000006c6       0x2c c:/freescale/kds_3.0.0/toolchain/bin/../lib/gcc/arm-none-eabi/4.8.4/../../../../arm-none-eabi/lib/armv6-m\libg_s.a(lib_a-abort.o)
 .ARM.attributes
                0x000006f2       0x2c c:/freescale/kds_3.0.0/toolchain/bin/../lib/gcc/arm-none-eabi/4.8.4/../../../../arm-none-eabi/lib/armv6-m\libg_s.a(lib_a-fflush.o)
 .ARM.attributes
                0x0000071e       0x2c c:/freescale/kds_3.0.0/toolchain/bin/../lib/gcc/arm-none-eabi/4.8.4/../../../../arm-none-eabi/lib/armv6-m\libg_s.a(lib_a-findfp.o)
 .ARM.attributes
                0x0000074a       0x2c c:/freescale/kds_3.0.0/toolchain/bin/../lib/gcc/arm-none-eabi/4.8.4/../../../../arm-none-eabi/lib/armv6-m\libg_s.a(lib_a-makebuf.o)
 .ARM.attributes
                0x00000776       0x2c c:/freescale/kds_3.0.0/toolchain/bin/../lib/gcc/arm-none-eabi/4.8.4/../../../../arm-none-eabi/lib/armv6-m\libg_s.a(lib_a-memchr-stub.o)
 .ARM.attributes
                0x000007a2       0x2c c:/freescale/kds_3.0.0/toolchain/bin/../lib/gcc/arm-none-eabi/4.8.4/../../../../arm-none-eabi/lib/armv6-m\libg_s.a(lib_a-reent.o)
 .ARM.attributes
                0x000007ce       0x2c c:/freescale/kds_3.0.0/toolchain/bin/../lib/gcc/arm-none-eabi/4.8.4/../../../../arm-none-eabi/lib/armv6-m\libg_s.a(lib_a-signal.o)
 .ARM.attributes
                0x000007fa       0x2c c:/freescale/kds_3.0.0/toolchain/bin/../lib/gcc/arm-none-eabi/4.8.4/../../../../arm-none-eabi/lib/armv6-m\libg_s.a(lib_a-signalr.o)
 .ARM.attributes
                0x00000826       0x2c c:/freescale/kds_3.0.0/toolchain/bin/../lib/gcc/arm-none-eabi/4.8.4/../../../../arm-none-eabi/lib/armv6-m\libg_s.a(lib_a-stdio.o)
 .ARM.attributes
                0x00000852       0x2c c:/freescale/kds_3.0.0/toolchain/bin/../lib/gcc/arm-none-eabi/4.8.4/../../../../arm-none-eabi/lib/armv6-m\libg_s.a(lib_a-writer.o)
 .ARM.attributes
                0x0000087e       0x2c c:/freescale/kds_3.0.0/toolchain/bin/../lib/gcc/arm-none-eabi/4.8.4/../../../../arm-none-eabi/lib/armv6-m\libg_s.a(lib_a-closer.o)
 .ARM.attributes
                0x000008aa       0x2c c:/freescale/kds_3.0.0/toolchain/bin/../lib/gcc/arm-none-eabi/4.8.4/../../../../arm-none-eabi/lib/armv6-m\libg_s.a(lib_a-fstatr.o)
 .ARM.attributes
                0x000008d6       0x2c c:/freescale/kds_3.0.0/toolchain/bin/../lib/gcc/arm-none-eabi/4.8.4/../../../../arm-none-eabi/lib/armv6-m\libg_s.a(lib_a-isattyr.o)
 .ARM.attributes
                0x00000902       0x2c c:/freescale/kds_3.0.0/toolchain/bin/../lib/gcc/arm-none-eabi/4.8.4/../../../../arm-none-eabi/lib/armv6-m\libg_s.a(lib_a-lseekr.o)
 .ARM.attributes
                0x0000092e       0x2c c:/freescale/kds_3.0.0/toolchain/bin/../lib/gcc/arm-none-eabi/4.8.4/../../../../arm-none-eabi/lib/armv6-m\libg_s.a(lib_a-readr.o)
 .ARM.attributes
                0x0000095a       0x2c c:/freescale/kds_3.0.0/toolchain/bin/../lib/gcc/arm-none-eabi/4.8.4/../../../../arm-none-eabi/lib/armv6-m\libnosys.a(close.o)
 .ARM.attributes
                0x00000986       0x2c c:/freescale/kds_3.0.0/toolchain/bin/../lib/gcc/arm-none-eabi/4.8.4/../../../../arm-none-eabi/lib/armv6-m\libnosys.a(fstat.o)
 .ARM.attributes
                0x000009b2       0x2c c:/freescale/kds_3.0.0/toolchain/bin/../lib/gcc/arm-none-eabi/4.8.4/../../../../arm-none-eabi/lib/armv6-m\libnosys.a(getpid.o)
 .ARM.attributes
                0x000009de       0x2c c:/freescale/kds_3.0.0/toolchain/bin/../lib/gcc/arm-none-eabi/4.8.4/../../../../arm-none-eabi/lib/armv6-m\libnosys.a(isatty.o)
 .ARM.attributes
                0x00000a0a       0x2c c:/freescale/kds_3.0.0/toolchain/bin/../lib/gcc/arm-none-eabi/4.8.4/../../../../arm-none-eabi/lib/armv6-m\libnosys.a(kill.o)
 .ARM.attributes
                0x00000a36       0x2c c:/freescale/kds_3.0.0/toolchain/bin/../lib/gcc/arm-none-eabi/4.8.4/../../../../arm-none-eabi/lib/armv6-m\libnosys.a(lseek.o)
 .ARM.attributes
                0x00000a62       0x2c c:/freescale/kds_3.0.0/toolchain/bin/../lib/gcc/arm-none-eabi/4.8.4/../../../../arm-none-eabi/lib/armv6-m\libnosys.a(sbrk.o)
 .ARM.attributes
                0x00000a8e       0x2c c:/freescale/kds_3.0.0/toolchain/bin/../lib/gcc/arm-none-eabi/4.8.4/../../../../arm-none-eabi/lib/armv6-m\libnosys.a(_exit.o)
 .ARM.attributes
                0x00000aba       0x2c c:/freescale/kds_3.0.0/toolchain/bin/../lib/gcc/arm-none-eabi/4.8.4/armv6-m/crtend.o
 .ARM.attributes
                0x00000ae6       0x1e c:/freescale/kds_3.0.0/toolchain/bin/../lib/gcc/arm-none-eabi/4.8.4/armv6-m/crtn.o
                0x00000001                ASSERT ((__StackLimit >= __HeapLimit), region m_data overflowed with stack and heap)
OUTPUT(Lab_template.elf elf32-littlearm)

.debug_info     0x00000000     0xaed8
 .debug_info    0x00000000      0x3fd ./frdm_kl26z/gpio.o
 .debug_info    0x000003fd      0xa71 ./Utilities/fsl_debug_console.o
 .debug_info    0x00000e6e      0x3b9 ./Sources/main.o
 .debug_info    0x00001227      0x296 ./Project_Settings/Startup_Code/startup.o
 .debug_info    0x000014bd       0x8a ./Project_Settings/Startup_Code/startup_MKL26Z4.o
 .debug_info    0x00001547      0x432 ./Project_Settings/Startup_Code/system_MKL26Z4.o
 .debug_info    0x00001979      0xa43 ./Board/board.o
 .debug_info    0x000023bc       0xe2 ./Board/hardware_init.o
 .debug_info    0x0000249e      0x4e6 ./Board/pin_mux.o
 .debug_info    0x00002984      0x934 C:/Freescale/KSDK_1.2.0/lib/ksdk_platform_lib/kds/KL26Z4/debug/libksdk_platform.a(fsl_uart_hal.o)
 .debug_info    0x000032b8      0x9e2 C:/Freescale/KSDK_1.2.0/lib/ksdk_platform_lib/kds/KL26Z4/debug/libksdk_platform.a(fsl_lpsci_hal.o)
 .debug_info    0x00003c9a     0x25f0 C:/Freescale/KSDK_1.2.0/lib/ksdk_platform_lib/kds/KL26Z4/debug/libksdk_platform.a(fsl_clock_MKL26Z4.o)
 .debug_info    0x0000628a     0x1c61 C:/Freescale/KSDK_1.2.0/lib/ksdk_platform_lib/kds/KL26Z4/debug/libksdk_platform.a(fsl_clock_manager.o)
 .debug_info    0x00007eeb      0x449 C:/Freescale/KSDK_1.2.0/lib/ksdk_platform_lib/kds/KL26Z4/debug/libksdk_platform.a(fsl_clock_manager_common.o)
 .debug_info    0x00008334      0xbe4 C:/Freescale/KSDK_1.2.0/lib/ksdk_platform_lib/kds/KL26Z4/debug/libksdk_platform.a(fsl_sim_hal_MKL26Z4.o)
 .debug_info    0x00008f18      0x262 C:/Freescale/KSDK_1.2.0/lib/ksdk_platform_lib/kds/KL26Z4/debug/libksdk_platform.a(fsl_rtc_common.o)
 .debug_info    0x0000917a       0xef C:/Freescale/KSDK_1.2.0/lib/ksdk_platform_lib/kds/KL26Z4/debug/libksdk_platform.a(fsl_osc_hal.o)
 .debug_info    0x00009269      0xd34 C:/Freescale/KSDK_1.2.0/lib/ksdk_platform_lib/kds/KL26Z4/debug/libksdk_platform.a(fsl_mcg_hal.o)
 .debug_info    0x00009f9d      0xf3b C:/Freescale/KSDK_1.2.0/lib/ksdk_platform_lib/kds/KL26Z4/debug/libksdk_platform.a(fsl_mcg_hal_modes.o)

.debug_abbrev   0x00000000     0x20f5
 .debug_abbrev  0x00000000      0x10e ./frdm_kl26z/gpio.o
 .debug_abbrev  0x0000010e      0x23a ./Utilities/fsl_debug_console.o
 .debug_abbrev  0x00000348      0x147 ./Sources/main.o
 .debug_abbrev  0x0000048f       0xe9 ./Project_Settings/Startup_Code/startup.o
 .debug_abbrev  0x00000578       0x14 ./Project_Settings/Startup_Code/startup_MKL26Z4.o
 .debug_abbrev  0x0000058c      0x109 ./Project_Settings/Startup_Code/system_MKL26Z4.o
 .debug_abbrev  0x00000695      0x202 ./Board/board.o
 .debug_abbrev  0x00000897       0x75 ./Board/hardware_init.o
 .debug_abbrev  0x0000090c      0x128 ./Board/pin_mux.o
 .debug_abbrev  0x00000a34      0x27e C:/Freescale/KSDK_1.2.0/lib/ksdk_platform_lib/kds/KL26Z4/debug/libksdk_platform.a(fsl_uart_hal.o)
 .debug_abbrev  0x00000cb2      0x228 C:/Freescale/KSDK_1.2.0/lib/ksdk_platform_lib/kds/KL26Z4/debug/libksdk_platform.a(fsl_lpsci_hal.o)
 .debug_abbrev  0x00000eda      0x454 C:/Freescale/KSDK_1.2.0/lib/ksdk_platform_lib/kds/KL26Z4/debug/libksdk_platform.a(fsl_clock_MKL26Z4.o)
 .debug_abbrev  0x0000132e      0x3d0 C:/Freescale/KSDK_1.2.0/lib/ksdk_platform_lib/kds/KL26Z4/debug/libksdk_platform.a(fsl_clock_manager.o)
 .debug_abbrev  0x000016fe       0xdb C:/Freescale/KSDK_1.2.0/lib/ksdk_platform_lib/kds/KL26Z4/debug/libksdk_platform.a(fsl_clock_manager_common.o)
 .debug_abbrev  0x000017d9      0x1bb C:/Freescale/KSDK_1.2.0/lib/ksdk_platform_lib/kds/KL26Z4/debug/libksdk_platform.a(fsl_sim_hal_MKL26Z4.o)
 .debug_abbrev  0x00001994       0xae C:/Freescale/KSDK_1.2.0/lib/ksdk_platform_lib/kds/KL26Z4/debug/libksdk_platform.a(fsl_rtc_common.o)
 .debug_abbrev  0x00001a42       0xa8 C:/Freescale/KSDK_1.2.0/lib/ksdk_platform_lib/kds/KL26Z4/debug/libksdk_platform.a(fsl_osc_hal.o)
 .debug_abbrev  0x00001aea      0x314 C:/Freescale/KSDK_1.2.0/lib/ksdk_platform_lib/kds/KL26Z4/debug/libksdk_platform.a(fsl_mcg_hal.o)
 .debug_abbrev  0x00001dfe      0x2f7 C:/Freescale/KSDK_1.2.0/lib/ksdk_platform_lib/kds/KL26Z4/debug/libksdk_platform.a(fsl_mcg_hal_modes.o)

.debug_aranges  0x00000000      0x7e0
 .debug_aranges
                0x00000000       0x38 ./frdm_kl26z/gpio.o
 .debug_aranges
                0x00000038       0xa0 ./Utilities/fsl_debug_console.o
 .debug_aranges
                0x000000d8       0x38 ./Sources/main.o
 .debug_aranges
                0x00000110       0x20 ./Project_Settings/Startup_Code/startup.o
 .debug_aranges
                0x00000130       0x20 ./Project_Settings/Startup_Code/startup_MKL26Z4.o
 .debug_aranges
                0x00000150       0x28 ./Project_Settings/Startup_Code/system_MKL26Z4.o
 .debug_aranges
                0x00000178       0x58 ./Board/board.o
 .debug_aranges
                0x000001d0       0x20 ./Board/hardware_init.o
 .debug_aranges
                0x000001f0       0x98 ./Board/pin_mux.o
 .debug_aranges
                0x00000288       0xa8 C:/Freescale/KSDK_1.2.0/lib/ksdk_platform_lib/kds/KL26Z4/debug/libksdk_platform.a(fsl_uart_hal.o)
 .debug_aranges
                0x00000330       0xb0 C:/Freescale/KSDK_1.2.0/lib/ksdk_platform_lib/kds/KL26Z4/debug/libksdk_platform.a(fsl_lpsci_hal.o)
 .debug_aranges
                0x000003e0      0x1a0 C:/Freescale/KSDK_1.2.0/lib/ksdk_platform_lib/kds/KL26Z4/debug/libksdk_platform.a(fsl_clock_MKL26Z4.o)
 .debug_aranges
                0x00000580       0x78 C:/Freescale/KSDK_1.2.0/lib/ksdk_platform_lib/kds/KL26Z4/debug/libksdk_platform.a(fsl_clock_manager.o)
 .debug_aranges
                0x000005f8       0x18 C:/Freescale/KSDK_1.2.0/lib/ksdk_platform_lib/kds/KL26Z4/debug/libksdk_platform.a(fsl_clock_manager_common.o)
 .debug_aranges
                0x00000610       0x90 C:/Freescale/KSDK_1.2.0/lib/ksdk_platform_lib/kds/KL26Z4/debug/libksdk_platform.a(fsl_sim_hal_MKL26Z4.o)
 .debug_aranges
                0x000006a0       0x18 C:/Freescale/KSDK_1.2.0/lib/ksdk_platform_lib/kds/KL26Z4/debug/libksdk_platform.a(fsl_rtc_common.o)
 .debug_aranges
                0x000006b8       0x20 C:/Freescale/KSDK_1.2.0/lib/ksdk_platform_lib/kds/KL26Z4/debug/libksdk_platform.a(fsl_osc_hal.o)
 .debug_aranges
                0x000006d8       0xa0 C:/Freescale/KSDK_1.2.0/lib/ksdk_platform_lib/kds/KL26Z4/debug/libksdk_platform.a(fsl_mcg_hal.o)
 .debug_aranges
                0x00000778       0x68 C:/Freescale/KSDK_1.2.0/lib/ksdk_platform_lib/kds/KL26Z4/debug/libksdk_platform.a(fsl_mcg_hal_modes.o)

.debug_ranges   0x00000000      0x908
 .debug_ranges  0x00000000       0x28 ./frdm_kl26z/gpio.o
 .debug_ranges  0x00000028       0x90 ./Utilities/fsl_debug_console.o
 .debug_ranges  0x000000b8       0x28 ./Sources/main.o
 .debug_ranges  0x000000e0       0x10 ./Project_Settings/Startup_Code/startup.o
 .debug_ranges  0x000000f0       0x18 ./Project_Settings/Startup_Code/system_MKL26Z4.o
 .debug_ranges  0x00000108       0x48 ./Board/board.o
 .debug_ranges  0x00000150       0x10 ./Board/hardware_init.o
 .debug_ranges  0x00000160       0x88 ./Board/pin_mux.o
 .debug_ranges  0x000001e8       0xb0 C:/Freescale/KSDK_1.2.0/lib/ksdk_platform_lib/kds/KL26Z4/debug/libksdk_platform.a(fsl_uart_hal.o)
 .debug_ranges  0x00000298       0xb8 C:/Freescale/KSDK_1.2.0/lib/ksdk_platform_lib/kds/KL26Z4/debug/libksdk_platform.a(fsl_lpsci_hal.o)
 .debug_ranges  0x00000350      0x2c0 C:/Freescale/KSDK_1.2.0/lib/ksdk_platform_lib/kds/KL26Z4/debug/libksdk_platform.a(fsl_clock_MKL26Z4.o)
 .debug_ranges  0x00000610       0xe0 C:/Freescale/KSDK_1.2.0/lib/ksdk_platform_lib/kds/KL26Z4/debug/libksdk_platform.a(fsl_clock_manager.o)
 .debug_ranges  0x000006f0       0x80 C:/Freescale/KSDK_1.2.0/lib/ksdk_platform_lib/kds/KL26Z4/debug/libksdk_platform.a(fsl_sim_hal_MKL26Z4.o)
 .debug_ranges  0x00000770       0x10 C:/Freescale/KSDK_1.2.0/lib/ksdk_platform_lib/kds/KL26Z4/debug/libksdk_platform.a(fsl_osc_hal.o)
 .debug_ranges  0x00000780       0xc8 C:/Freescale/KSDK_1.2.0/lib/ksdk_platform_lib/kds/KL26Z4/debug/libksdk_platform.a(fsl_mcg_hal.o)
 .debug_ranges  0x00000848       0xc0 C:/Freescale/KSDK_1.2.0/lib/ksdk_platform_lib/kds/KL26Z4/debug/libksdk_platform.a(fsl_mcg_hal_modes.o)

.debug_macro    0x00000000    0x15348
 .debug_macro   0x00000000      0x16c ./frdm_kl26z/gpio.o
 .debug_macro   0x0000016c      0x808 ./frdm_kl26z/gpio.o
 .debug_macro   0x00000974       0x11 ./frdm_kl26z/gpio.o
 .debug_macro   0x00000985       0x16 ./frdm_kl26z/gpio.o
 .debug_macro   0x0000099b       0x16 ./frdm_kl26z/gpio.o
 .debug_macro   0x000009b1       0x44 ./frdm_kl26z/gpio.o
 .debug_macro   0x000009f5      0x209 ./frdm_kl26z/gpio.o
 .debug_macro   0x00000bfe       0x3a ./frdm_kl26z/gpio.o
 .debug_macro   0x00000c38       0x3a ./frdm_kl26z/gpio.o
 .debug_macro   0x00000c72       0x1f ./frdm_kl26z/gpio.o
 .debug_macro   0x00000c91      0x250 ./frdm_kl26z/gpio.o
 .debug_macro   0x00000ee1       0x77 ./frdm_kl26z/gpio.o
 .debug_macro   0x00000f58     0x8bcc ./frdm_kl26z/gpio.o
 .debug_macro   0x00009b24       0x58 ./frdm_kl26z/gpio.o
 .debug_macro   0x00009b7c       0x35 ./frdm_kl26z/gpio.o
 .debug_macro   0x00009bb1       0xa3 ./frdm_kl26z/gpio.o
 .debug_macro   0x00009c54       0x16 ./frdm_kl26z/gpio.o
 .debug_macro   0x00009c6a      0x10e ./frdm_kl26z/gpio.o
 .debug_macro   0x00009d78       0x7f ./frdm_kl26z/gpio.o
 .debug_macro   0x00009df7       0x52 ./frdm_kl26z/gpio.o
 .debug_macro   0x00009e49       0x16 ./frdm_kl26z/gpio.o
 .debug_macro   0x00009e5f       0x43 ./frdm_kl26z/gpio.o
 .debug_macro   0x00009ea2      0x180 ./frdm_kl26z/gpio.o
 .debug_macro   0x0000a022       0x22 ./frdm_kl26z/gpio.o
 .debug_macro   0x0000a044       0x7c ./frdm_kl26z/gpio.o
 .debug_macro   0x0000a0c0     0x84a8 ./frdm_kl26z/gpio.o
 .debug_macro   0x00012568     0x10f4 ./frdm_kl26z/gpio.o
 .debug_macro   0x0001365c       0xd6 ./frdm_kl26z/gpio.o
 .debug_macro   0x00013732      0x2c0 ./Utilities/fsl_debug_console.o
 .debug_macro   0x000139f2       0x58 ./Utilities/fsl_debug_console.o
 .debug_macro   0x00013a4a       0x16 ./Utilities/fsl_debug_console.o
 .debug_macro   0x00013a60       0x97 ./Utilities/fsl_debug_console.o
 .debug_macro   0x00013af7       0xef ./Utilities/fsl_debug_console.o
 .debug_macro   0x00013be6       0x4a ./Utilities/fsl_debug_console.o
 .debug_macro   0x00013c30       0x10 ./Utilities/fsl_debug_console.o
 .debug_macro   0x00013c40       0x22 ./Utilities/fsl_debug_console.o
 .debug_macro   0x00013c62       0xbd ./Utilities/fsl_debug_console.o
 .debug_macro   0x00013d1f       0x16 ./Utilities/fsl_debug_console.o
 .debug_macro   0x00013d35      0x14a ./Utilities/fsl_debug_console.o
 .debug_macro   0x00013e7f       0x35 ./Utilities/fsl_debug_console.o
 .debug_macro   0x00013eb4      0x20f ./Utilities/fsl_debug_console.o
 .debug_macro   0x000140c3       0x82 ./Utilities/fsl_debug_console.o
 .debug_macro   0x00014145       0x22 ./Utilities/fsl_debug_console.o
 .debug_macro   0x00014167       0x44 ./Utilities/fsl_debug_console.o
 .debug_macro   0x000141ab       0x22 ./Utilities/fsl_debug_console.o
 .debug_macro   0x000141cd       0x16 ./Utilities/fsl_debug_console.o
 .debug_macro   0x000141e3       0x10 ./Utilities/fsl_debug_console.o
 .debug_macro   0x000141f3       0x11 ./Utilities/fsl_debug_console.o
 .debug_macro   0x00014204       0x10 ./Utilities/fsl_debug_console.o
 .debug_macro   0x00014214       0x10 ./Utilities/fsl_debug_console.o
 .debug_macro   0x00014224      0x2a6 ./Utilities/fsl_debug_console.o
 .debug_macro   0x000144ca       0x10 ./Utilities/fsl_debug_console.o
 .debug_macro   0x000144da      0x1e8 ./Sources/main.o
 .debug_macro   0x000146c2       0x22 ./Sources/main.o
 .debug_macro   0x000146e4      0x22b ./Sources/main.o
 .debug_macro   0x0001490f       0x10 ./Sources/main.o
 .debug_macro   0x0001491f       0xdc ./Sources/main.o
 .debug_macro   0x000149fb      0x167 ./Project_Settings/Startup_Code/startup.o
 .debug_macro   0x00014b62      0x158 ./Project_Settings/Startup_Code/system_MKL26Z4.o
 .debug_macro   0x00014cba       0x4c ./Project_Settings/Startup_Code/system_MKL26Z4.o
 .debug_macro   0x00014d06      0x269 ./Board/board.o
 .debug_macro   0x00014f6f      0x256 ./Board/hardware_init.o
 .debug_macro   0x000151c5      0x183 ./Board/pin_mux.o

.debug_line     0x00000000     0x4f04
 .debug_line    0x00000000      0x3c4 ./frdm_kl26z/gpio.o
 .debug_line    0x000003c4      0x7aa ./Utilities/fsl_debug_console.o
 .debug_line    0x00000b6e      0x54f ./Sources/main.o
 .debug_line    0x000010bd      0x357 ./Project_Settings/Startup_Code/startup.o
 .debug_line    0x00001414       0x6c ./Project_Settings/Startup_Code/startup_MKL26Z4.o
 .debug_line    0x00001480      0x37a ./Project_Settings/Startup_Code/system_MKL26Z4.o
 .debug_line    0x000017fa      0x675 ./Board/board.o
 .debug_line    0x00001e6f      0x5c9 ./Board/hardware_init.o
 .debug_line    0x00002438      0x522 ./Board/pin_mux.o
 .debug_line    0x0000295a      0x38a C:/Freescale/KSDK_1.2.0/lib/ksdk_platform_lib/kds/KL26Z4/debug/libksdk_platform.a(fsl_uart_hal.o)
 .debug_line    0x00002ce4      0x3d7 C:/Freescale/KSDK_1.2.0/lib/ksdk_platform_lib/kds/KL26Z4/debug/libksdk_platform.a(fsl_lpsci_hal.o)
 .debug_line    0x000030bb      0x96c C:/Freescale/KSDK_1.2.0/lib/ksdk_platform_lib/kds/KL26Z4/debug/libksdk_platform.a(fsl_clock_MKL26Z4.o)
 .debug_line    0x00003a27      0x614 C:/Freescale/KSDK_1.2.0/lib/ksdk_platform_lib/kds/KL26Z4/debug/libksdk_platform.a(fsl_clock_manager.o)
 .debug_line    0x0000403b      0x14e C:/Freescale/KSDK_1.2.0/lib/ksdk_platform_lib/kds/KL26Z4/debug/libksdk_platform.a(fsl_clock_manager_common.o)
 .debug_line    0x00004189      0x343 C:/Freescale/KSDK_1.2.0/lib/ksdk_platform_lib/kds/KL26Z4/debug/libksdk_platform.a(fsl_sim_hal_MKL26Z4.o)
 .debug_line    0x000044cc       0xf4 C:/Freescale/KSDK_1.2.0/lib/ksdk_platform_lib/kds/KL26Z4/debug/libksdk_platform.a(fsl_rtc_common.o)
 .debug_line    0x000045c0       0xfe C:/Freescale/KSDK_1.2.0/lib/ksdk_platform_lib/kds/KL26Z4/debug/libksdk_platform.a(fsl_osc_hal.o)
 .debug_line    0x000046be      0x3e7 C:/Freescale/KSDK_1.2.0/lib/ksdk_platform_lib/kds/KL26Z4/debug/libksdk_platform.a(fsl_mcg_hal.o)
 .debug_line    0x00004aa5      0x45f C:/Freescale/KSDK_1.2.0/lib/ksdk_platform_lib/kds/KL26Z4/debug/libksdk_platform.a(fsl_mcg_hal_modes.o)

.debug_str      0x00000000    0xb0c55
 .debug_str     0x00000000    0xa99f6 ./frdm_kl26z/gpio.o
                              0xa9eea (size before relaxing)
 .debug_str     0x000a99f6     0x2858 ./Utilities/fsl_debug_console.o
                              0xac30b (size before relaxing)
 .debug_str     0x000ac24e      0xdef ./Sources/main.o
                              0xaaf68 (size before relaxing)
 .debug_str     0x000ad03d      0x12f ./Project_Settings/Startup_Code/startup.o
                              0xa9b36 (size before relaxing)
 .debug_str     0x000ad16c       0xb4 ./Project_Settings/Startup_Code/system_MKL26Z4.o
                              0xa9b9a (size before relaxing)
 .debug_str     0x000ad220      0x71b ./Board/board.o
                              0xab3fa (size before relaxing)
 .debug_str     0x000ad93b       0x27 ./Board/hardware_init.o
                              0xaaae0 (size before relaxing)
 .debug_str     0x000ad962      0x1a7 ./Board/pin_mux.o
                              0xa9d7a (size before relaxing)
 .debug_str     0x000adb09      0x61d C:/Freescale/KSDK_1.2.0/lib/ksdk_platform_lib/kds/KL26Z4/debug/libksdk_platform.a(fsl_uart_hal.o)
                                0x919 (size before relaxing)
 .debug_str     0x000ae126      0x534 C:/Freescale/KSDK_1.2.0/lib/ksdk_platform_lib/kds/KL26Z4/debug/libksdk_platform.a(fsl_lpsci_hal.o)
                                0xa1f (size before relaxing)
 .debug_str     0x000ae65a     0x10c6 C:/Freescale/KSDK_1.2.0/lib/ksdk_platform_lib/kds/KL26Z4/debug/libksdk_platform.a(fsl_clock_MKL26Z4.o)
                               0x1833 (size before relaxing)
 .debug_str     0x000af720      0x9f7 C:/Freescale/KSDK_1.2.0/lib/ksdk_platform_lib/kds/KL26Z4/debug/libksdk_platform.a(fsl_clock_manager.o)
                               0x17aa (size before relaxing)
 .debug_str     0x000b0117       0x61 C:/Freescale/KSDK_1.2.0/lib/ksdk_platform_lib/kds/KL26Z4/debug/libksdk_platform.a(fsl_clock_manager_common.o)
                                0x34e (size before relaxing)
 .debug_str     0x000b0178      0x417 C:/Freescale/KSDK_1.2.0/lib/ksdk_platform_lib/kds/KL26Z4/debug/libksdk_platform.a(fsl_sim_hal_MKL26Z4.o)
                                0x786 (size before relaxing)
 .debug_str     0x000b058f       0x5f C:/Freescale/KSDK_1.2.0/lib/ksdk_platform_lib/kds/KL26Z4/debug/libksdk_platform.a(fsl_rtc_common.o)
                                0x3fc (size before relaxing)
 .debug_str     0x000b05ee       0x43 C:/Freescale/KSDK_1.2.0/lib/ksdk_platform_lib/kds/KL26Z4/debug/libksdk_platform.a(fsl_osc_hal.o)
                                0x233 (size before relaxing)
 .debug_str     0x000b0631      0x4eb C:/Freescale/KSDK_1.2.0/lib/ksdk_platform_lib/kds/KL26Z4/debug/libksdk_platform.a(fsl_mcg_hal.o)
                                0xb0e (size before relaxing)
 .debug_str     0x000b0b1c      0x139 C:/Freescale/KSDK_1.2.0/lib/ksdk_platform_lib/kds/KL26Z4/debug/libksdk_platform.a(fsl_mcg_hal_modes.o)
                                0xa9b (size before relaxing)

.comment        0x00000000       0x70
 .comment       0x00000000       0x70 ./frdm_kl26z/gpio.o
                                 0x71 (size before relaxing)
 .comment       0x00000000       0x71 ./Utilities/fsl_debug_console.o
 .comment       0x00000000       0x71 ./Sources/main.o
 .comment       0x00000000       0x71 ./Project_Settings/Startup_Code/startup.o
 .comment       0x00000000       0x71 ./Project_Settings/Startup_Code/system_MKL26Z4.o
 .comment       0x00000000       0x71 ./Board/board.o
 .comment       0x00000000       0x71 ./Board/hardware_init.o
 .comment       0x00000000       0x71 ./Board/pin_mux.o
 .comment       0x00000000       0x71 C:/Freescale/KSDK_1.2.0/lib/ksdk_platform_lib/kds/KL26Z4/debug/libksdk_platform.a(fsl_uart_hal.o)
 .comment       0x00000000       0x71 C:/Freescale/KSDK_1.2.0/lib/ksdk_platform_lib/kds/KL26Z4/debug/libksdk_platform.a(fsl_lpsci_hal.o)
 .comment       0x00000000       0x71 C:/Freescale/KSDK_1.2.0/lib/ksdk_platform_lib/kds/KL26Z4/debug/libksdk_platform.a(fsl_clock_MKL26Z4.o)
 .comment       0x00000000       0x71 C:/Freescale/KSDK_1.2.0/lib/ksdk_platform_lib/kds/KL26Z4/debug/libksdk_platform.a(fsl_clock_manager.o)
 .comment       0x00000000       0x71 C:/Freescale/KSDK_1.2.0/lib/ksdk_platform_lib/kds/KL26Z4/debug/libksdk_platform.a(fsl_clock_manager_common.o)
 .comment       0x00000000       0x71 C:/Freescale/KSDK_1.2.0/lib/ksdk_platform_lib/kds/KL26Z4/debug/libksdk_platform.a(fsl_sim_hal_MKL26Z4.o)
 .comment       0x00000000       0x71 C:/Freescale/KSDK_1.2.0/lib/ksdk_platform_lib/kds/KL26Z4/debug/libksdk_platform.a(fsl_rtc_common.o)
 .comment       0x00000000       0x71 C:/Freescale/KSDK_1.2.0/lib/ksdk_platform_lib/kds/KL26Z4/debug/libksdk_platform.a(fsl_osc_hal.o)
 .comment       0x00000000       0x71 C:/Freescale/KSDK_1.2.0/lib/ksdk_platform_lib/kds/KL26Z4/debug/libksdk_platform.a(fsl_mcg_hal.o)
 .comment       0x00000000       0x71 C:/Freescale/KSDK_1.2.0/lib/ksdk_platform_lib/kds/KL26Z4/debug/libksdk_platform.a(fsl_mcg_hal_modes.o)

.debug_frame    0x00000000     0x1dcc
 .debug_frame   0x00000000       0x88 ./frdm_kl26z/gpio.o
 .debug_frame   0x00000088      0x230 ./Utilities/fsl_debug_console.o
 .debug_frame   0x000002b8       0x88 ./Sources/main.o
 .debug_frame   0x00000340       0x30 ./Project_Settings/Startup_Code/startup.o
 .debug_frame   0x00000370       0x4c ./Project_Settings/Startup_Code/system_MKL26Z4.o
 .debug_frame   0x000003bc      0x108 ./Board/board.o
 .debug_frame   0x000004c4       0x2c ./Board/hardware_init.o
 .debug_frame   0x000004f0      0x210 ./Board/pin_mux.o
 .debug_frame   0x00000700      0x184 C:/Freescale/KSDK_1.2.0/lib/ksdk_platform_lib/kds/KL26Z4/debug/libksdk_platform.a(fsl_uart_hal.o)
 .debug_frame   0x00000884      0x1b0 C:/Freescale/KSDK_1.2.0/lib/ksdk_platform_lib/kds/KL26Z4/debug/libksdk_platform.a(fsl_lpsci_hal.o)
 .debug_frame   0x00000a34      0x48c C:/Freescale/KSDK_1.2.0/lib/ksdk_platform_lib/kds/KL26Z4/debug/libksdk_platform.a(fsl_clock_MKL26Z4.o)
 .debug_frame   0x00000ec0      0x128 C:/Freescale/KSDK_1.2.0/lib/ksdk_platform_lib/kds/KL26Z4/debug/libksdk_platform.a(fsl_clock_manager.o)
 .debug_frame   0x00000fe8      0x174 C:/Freescale/KSDK_1.2.0/lib/ksdk_platform_lib/kds/KL26Z4/debug/libksdk_platform.a(fsl_sim_hal_MKL26Z4.o)
 .debug_frame   0x0000115c       0x20 C:/Freescale/KSDK_1.2.0/lib/ksdk_platform_lib/kds/KL26Z4/debug/libksdk_platform.a(fsl_osc_hal.o)
 .debug_frame   0x0000117c      0x1b4 C:/Freescale/KSDK_1.2.0/lib/ksdk_platform_lib/kds/KL26Z4/debug/libksdk_platform.a(fsl_mcg_hal.o)
 .debug_frame   0x00001330      0x13c C:/Freescale/KSDK_1.2.0/lib/ksdk_platform_lib/kds/KL26Z4/debug/libksdk_platform.a(fsl_mcg_hal_modes.o)
 .debug_frame   0x0000146c       0x20 c:/freescale/kds_3.0.0/toolchain/bin/../lib/gcc/arm-none-eabi/4.8.4/armv6-m\libgcc.a(_udivsi3.o)
 .debug_frame   0x0000148c       0x4c c:/freescale/kds_3.0.0/toolchain/bin/../lib/gcc/arm-none-eabi/4.8.4/../../../../arm-none-eabi/lib/armv6-m\libg_s.a(lib_a-assert.o)
 .debug_frame   0x000014d8       0x28 c:/freescale/kds_3.0.0/toolchain/bin/../lib/gcc/arm-none-eabi/4.8.4/../../../../arm-none-eabi/lib/armv6-m\libg_s.a(lib_a-exit.o)
 .debug_frame   0x00001500       0x4c c:/freescale/kds_3.0.0/toolchain/bin/../lib/gcc/arm-none-eabi/4.8.4/../../../../arm-none-eabi/lib/armv6-m\libg_s.a(lib_a-fprintf.o)
 .debug_frame   0x0000154c       0x2c c:/freescale/kds_3.0.0/toolchain/bin/../lib/gcc/arm-none-eabi/4.8.4/../../../../arm-none-eabi/lib/armv6-m\libg_s.a(lib_a-init.o)
 .debug_frame   0x00001578       0x20 c:/freescale/kds_3.0.0/toolchain/bin/../lib/gcc/arm-none-eabi/4.8.4/../../../../arm-none-eabi/lib/armv6-m\libg_s.a(lib_a-memset.o)
 .debug_frame   0x00001598       0x2c c:/freescale/kds_3.0.0/toolchain/bin/../lib/gcc/arm-none-eabi/4.8.4/../../../../arm-none-eabi/lib/armv6-m\libg_s.a(lib_a-nano-freer.o)
 .debug_frame   0x000015c4       0x2c c:/freescale/kds_3.0.0/toolchain/bin/../lib/gcc/arm-none-eabi/4.8.4/../../../../arm-none-eabi/lib/armv6-m\libg_s.a(lib_a-nano-mallocr.o)
 .debug_frame   0x000015f0       0x2c c:/freescale/kds_3.0.0/toolchain/bin/../lib/gcc/arm-none-eabi/4.8.4/../../../../arm-none-eabi/lib/armv6-m\libg_s.a(lib_a-sbrkr.o)
 .debug_frame   0x0000161c       0x20 c:/freescale/kds_3.0.0/toolchain/bin/../lib/gcc/arm-none-eabi/4.8.4/../../../../arm-none-eabi/lib/armv6-m\libg_s.a(lib_a-strlen.o)
 .debug_frame   0x0000163c       0xa0 c:/freescale/kds_3.0.0/toolchain/bin/../lib/gcc/arm-none-eabi/4.8.4/../../../../arm-none-eabi/lib/armv6-m\libg_s.a(lib_a-vfprintf.o)
 .debug_frame   0x000016dc       0x54 c:/freescale/kds_3.0.0/toolchain/bin/../lib/gcc/arm-none-eabi/4.8.4/../../../../arm-none-eabi/lib/armv6-m\libg_s.a(lib_a-vfprintf_i.o)
 .debug_frame   0x00001730       0x44 c:/freescale/kds_3.0.0/toolchain/bin/../lib/gcc/arm-none-eabi/4.8.4/../../../../arm-none-eabi/lib/armv6-m\libg_s.a(lib_a-wbuf.o)
 .debug_frame   0x00001774       0x2c c:/freescale/kds_3.0.0/toolchain/bin/../lib/gcc/arm-none-eabi/4.8.4/../../../../arm-none-eabi/lib/armv6-m\libg_s.a(lib_a-wsetup.o)
 .debug_frame   0x000017a0       0x28 c:/freescale/kds_3.0.0/toolchain/bin/../lib/gcc/arm-none-eabi/4.8.4/../../../../arm-none-eabi/lib/armv6-m\libg_s.a(lib_a-abort.o)
 .debug_frame   0x000017c8       0x68 c:/freescale/kds_3.0.0/toolchain/bin/../lib/gcc/arm-none-eabi/4.8.4/../../../../arm-none-eabi/lib/armv6-m\libg_s.a(lib_a-fflush.o)
 .debug_frame   0x00001830      0x148 c:/freescale/kds_3.0.0/toolchain/bin/../lib/gcc/arm-none-eabi/4.8.4/../../../../arm-none-eabi/lib/armv6-m\libg_s.a(lib_a-findfp.o)
 .debug_frame   0x00001978       0x30 c:/freescale/kds_3.0.0/toolchain/bin/../lib/gcc/arm-none-eabi/4.8.4/../../../../arm-none-eabi/lib/armv6-m\libg_s.a(lib_a-makebuf.o)
 .debug_frame   0x000019a8       0x20 c:/freescale/kds_3.0.0/toolchain/bin/../lib/gcc/arm-none-eabi/4.8.4/../../../../arm-none-eabi/lib/armv6-m\libg_s.a(lib_a-memchr-stub.o)
 .debug_frame   0x000019c8       0x48 c:/freescale/kds_3.0.0/toolchain/bin/../lib/gcc/arm-none-eabi/4.8.4/../../../../arm-none-eabi/lib/armv6-m\libg_s.a(lib_a-reent.o)
 .debug_frame   0x00001a10       0xe0 c:/freescale/kds_3.0.0/toolchain/bin/../lib/gcc/arm-none-eabi/4.8.4/../../../../arm-none-eabi/lib/armv6-m\libg_s.a(lib_a-signal.o)
 .debug_frame   0x00001af0       0x44 c:/freescale/kds_3.0.0/toolchain/bin/../lib/gcc/arm-none-eabi/4.8.4/../../../../arm-none-eabi/lib/armv6-m\libg_s.a(lib_a-signalr.o)
 .debug_frame   0x00001b34       0x90 c:/freescale/kds_3.0.0/toolchain/bin/../lib/gcc/arm-none-eabi/4.8.4/../../../../arm-none-eabi/lib/armv6-m\libg_s.a(lib_a-stdio.o)
 .debug_frame   0x00001bc4       0x2c c:/freescale/kds_3.0.0/toolchain/bin/../lib/gcc/arm-none-eabi/4.8.4/../../../../arm-none-eabi/lib/armv6-m\libg_s.a(lib_a-writer.o)
 .debug_frame   0x00001bf0       0x2c c:/freescale/kds_3.0.0/toolchain/bin/../lib/gcc/arm-none-eabi/4.8.4/../../../../arm-none-eabi/lib/armv6-m\libg_s.a(lib_a-closer.o)
 .debug_frame   0x00001c1c       0x2c c:/freescale/kds_3.0.0/toolchain/bin/../lib/gcc/arm-none-eabi/4.8.4/../../../../arm-none-eabi/lib/armv6-m\libg_s.a(lib_a-fstatr.o)
 .debug_frame   0x00001c48       0x2c c:/freescale/kds_3.0.0/toolchain/bin/../lib/gcc/arm-none-eabi/4.8.4/../../../../arm-none-eabi/lib/armv6-m\libg_s.a(lib_a-isattyr.o)
 .debug_frame   0x00001c74       0x2c c:/freescale/kds_3.0.0/toolchain/bin/../lib/gcc/arm-none-eabi/4.8.4/../../../../arm-none-eabi/lib/armv6-m\libg_s.a(lib_a-lseekr.o)
 .debug_frame   0x00001ca0       0x2c c:/freescale/kds_3.0.0/toolchain/bin/../lib/gcc/arm-none-eabi/4.8.4/../../../../arm-none-eabi/lib/armv6-m\libg_s.a(lib_a-readr.o)
 .debug_frame   0x00001ccc       0x20 c:/freescale/kds_3.0.0/toolchain/bin/../lib/gcc/arm-none-eabi/4.8.4/../../../../arm-none-eabi/lib/armv6-m\libnosys.a(close.o)
 .debug_frame   0x00001cec       0x20 c:/freescale/kds_3.0.0/toolchain/bin/../lib/gcc/arm-none-eabi/4.8.4/../../../../arm-none-eabi/lib/armv6-m\libnosys.a(fstat.o)
 .debug_frame   0x00001d0c       0x20 c:/freescale/kds_3.0.0/toolchain/bin/../lib/gcc/arm-none-eabi/4.8.4/../../../../arm-none-eabi/lib/armv6-m\libnosys.a(getpid.o)
 .debug_frame   0x00001d2c       0x20 c:/freescale/kds_3.0.0/toolchain/bin/../lib/gcc/arm-none-eabi/4.8.4/../../../../arm-none-eabi/lib/armv6-m\libnosys.a(isatty.o)
 .debug_frame   0x00001d4c       0x20 c:/freescale/kds_3.0.0/toolchain/bin/../lib/gcc/arm-none-eabi/4.8.4/../../../../arm-none-eabi/lib/armv6-m\libnosys.a(kill.o)
 .debug_frame   0x00001d6c       0x20 c:/freescale/kds_3.0.0/toolchain/bin/../lib/gcc/arm-none-eabi/4.8.4/../../../../arm-none-eabi/lib/armv6-m\libnosys.a(lseek.o)
 .debug_frame   0x00001d8c       0x20 c:/freescale/kds_3.0.0/toolchain/bin/../lib/gcc/arm-none-eabi/4.8.4/../../../../arm-none-eabi/lib/armv6-m\libnosys.a(sbrk.o)
 .debug_frame   0x00001dac       0x20 c:/freescale/kds_3.0.0/toolchain/bin/../lib/gcc/arm-none-eabi/4.8.4/../../../../arm-none-eabi/lib/armv6-m\libnosys.a(_exit.o)

.debug_loc      0x00000000     0x4799
 .debug_loc     0x00000000      0x800 C:/Freescale/KSDK_1.2.0/lib/ksdk_platform_lib/kds/KL26Z4/debug/libksdk_platform.a(fsl_uart_hal.o)
 .debug_loc     0x00000800      0x959 C:/Freescale/KSDK_1.2.0/lib/ksdk_platform_lib/kds/KL26Z4/debug/libksdk_platform.a(fsl_lpsci_hal.o)
 .debug_loc     0x00001159      0xe21 C:/Freescale/KSDK_1.2.0/lib/ksdk_platform_lib/kds/KL26Z4/debug/libksdk_platform.a(fsl_clock_MKL26Z4.o)
 .debug_loc     0x00001f7a      0x84c C:/Freescale/KSDK_1.2.0/lib/ksdk_platform_lib/kds/KL26Z4/debug/libksdk_platform.a(fsl_clock_manager.o)
 .debug_loc     0x000027c6      0xb99 C:/Freescale/KSDK_1.2.0/lib/ksdk_platform_lib/kds/KL26Z4/debug/libksdk_platform.a(fsl_sim_hal_MKL26Z4.o)
 .debug_loc     0x0000335f       0x21 C:/Freescale/KSDK_1.2.0/lib/ksdk_platform_lib/kds/KL26Z4/debug/libksdk_platform.a(fsl_osc_hal.o)
 .debug_loc     0x00003380      0xa97 C:/Freescale/KSDK_1.2.0/lib/ksdk_platform_lib/kds/KL26Z4/debug/libksdk_platform.a(fsl_mcg_hal.o)
 .debug_loc     0x00003e17      0x982 C:/Freescale/KSDK_1.2.0/lib/ksdk_platform_lib/kds/KL26Z4/debug/libksdk_platform.a(fsl_mcg_hal_modes.o)

.stab           0x00000000       0x9c
 .stab          0x00000000       0x24 c:/freescale/kds_3.0.0/toolchain/bin/../lib/gcc/arm-none-eabi/4.8.4/../../../../arm-none-eabi/lib/armv6-m\libnosys.a(close.o)
 .stab          0x00000024       0x18 c:/freescale/kds_3.0.0/toolchain/bin/../lib/gcc/arm-none-eabi/4.8.4/../../../../arm-none-eabi/lib/armv6-m\libnosys.a(fstat.o)
                                 0x24 (size before relaxing)
 .stab          0x0000003c       0x18 c:/freescale/kds_3.0.0/toolchain/bin/../lib/gcc/arm-none-eabi/4.8.4/../../../../arm-none-eabi/lib/armv6-m\libnosys.a(getpid.o)
                                 0x24 (size before relaxing)
 .stab          0x00000054       0x18 c:/freescale/kds_3.0.0/toolchain/bin/../lib/gcc/arm-none-eabi/4.8.4/../../../../arm-none-eabi/lib/armv6-m\libnosys.a(isatty.o)
                                 0x24 (size before relaxing)
 .stab          0x0000006c       0x18 c:/freescale/kds_3.0.0/toolchain/bin/../lib/gcc/arm-none-eabi/4.8.4/../../../../arm-none-eabi/lib/armv6-m\libnosys.a(kill.o)
                                 0x24 (size before relaxing)
 .stab          0x00000084       0x18 c:/freescale/kds_3.0.0/toolchain/bin/../lib/gcc/arm-none-eabi/4.8.4/../../../../arm-none-eabi/lib/armv6-m\libnosys.a(lseek.o)
                                 0x24 (size before relaxing)

.stabstr        0x00000000      0x14f
 .stabstr       0x00000000      0x14f c:/freescale/kds_3.0.0/toolchain/bin/../lib/gcc/arm-none-eabi/4.8.4/../../../../arm-none-eabi/lib/armv6-m\libnosys.a(close.o)
